Archive member included to satisfy reference by file (symbol)

D:/libdragon-toolchain/bin/../lib/gcc/mips64-elf/14.2.0/../../../../mips64-elf/lib\libdragon.a(n64sys.o)
                              D:/libdragon-toolchain/bin/../lib/gcc/mips64-elf/14.2.0/../../../../mips64-elf/lib\libt3d.a (data_cache_hit_writeback)
D:/libdragon-toolchain/bin/../lib/gcc/mips64-elf/14.2.0/../../../../mips64-elf/lib\libdragon.a(interrupt.o)
                              D:/libdragon-toolchain/bin/../lib/gcc/mips64-elf/14.2.0/../../../../mips64-elf/lib\libdragon.a(n64sys.o) (disable_interrupts)
D:/libdragon-toolchain/bin/../lib/gcc/mips64-elf/14.2.0/../../../../mips64-elf/lib\libdragon.a(fmath.o)
                              D:/libdragon-toolchain/bin/../lib/gcc/mips64-elf/14.2.0/../../../../mips64-elf/lib\libt3d.a (fm_sinf)
D:/libdragon-toolchain/bin/../lib/gcc/mips64-elf/14.2.0/../../../../mips64-elf/lib\libdragon.a(entrypoint.o)
                              (_start)
D:/libdragon-toolchain/bin/../lib/gcc/mips64-elf/14.2.0/../../../../mips64-elf/lib\libdragon.a(debug.o)
                              build/code/main.o (debug_init_usblog)
D:/libdragon-toolchain/bin/../lib/gcc/mips64-elf/14.2.0/../../../../mips64-elf/lib\libdragon.a(usb.o)
                              D:/libdragon-toolchain/bin/../lib/gcc/mips64-elf/14.2.0/../../../../mips64-elf/lib\libdragon.a(debug.o) (usb_write)
D:/libdragon-toolchain/bin/../lib/gcc/mips64-elf/14.2.0/../../../../mips64-elf/lib\libdragon.a(cart.o)
                              D:/libdragon-toolchain/bin/../lib/gcc/mips64-elf/14.2.0/../../../../mips64-elf/lib\libdragon.a(debug.o) (cart_init)
D:/libdragon-toolchain/bin/../lib/gcc/mips64-elf/14.2.0/../../../../mips64-elf/lib\libdragon.a(ff.o)
                              D:/libdragon-toolchain/bin/../lib/gcc/mips64-elf/14.2.0/../../../../mips64-elf/lib\libdragon.a(debug.o) (f_mount)
D:/libdragon-toolchain/bin/../lib/gcc/mips64-elf/14.2.0/../../../../mips64-elf/lib\libdragon.a(ffunicode.o)
                              D:/libdragon-toolchain/bin/../lib/gcc/mips64-elf/14.2.0/../../../../mips64-elf/lib\libdragon.a(ff.o) (ff_uni2oem)
D:/libdragon-toolchain/bin/../lib/gcc/mips64-elf/14.2.0/../../../../mips64-elf/lib\libdragon.a(fat.o)
                              D:/libdragon-toolchain/bin/../lib/gcc/mips64-elf/14.2.0/../../../../mips64-elf/lib\libdragon.a(ff.o) (disk_initialize)
D:/libdragon-toolchain/bin/../lib/gcc/mips64-elf/14.2.0/../../../../mips64-elf/lib\libdragon.a(dragonfs.o)
                              build/code/main.o (dfs_init)
D:/libdragon-toolchain/bin/../lib/gcc/mips64-elf/14.2.0/../../../../mips64-elf/lib\libdragon.a(audio.o)
                              build/code/main.o (audio_init)
D:/libdragon-toolchain/bin/../lib/gcc/mips64-elf/14.2.0/../../../../mips64-elf/lib\libdragon.a(display.o)
                              build/code/main.o (display_init)
D:/libdragon-toolchain/bin/../lib/gcc/mips64-elf/14.2.0/../../../../mips64-elf/lib\libdragon.a(surface.o)
                              D:/libdragon-toolchain/bin/../lib/gcc/mips64-elf/14.2.0/../../../../mips64-elf/lib\libdragon.a(display.o) (surface_alloc)
D:/libdragon-toolchain/bin/../lib/gcc/mips64-elf/14.2.0/../../../../mips64-elf/lib\libdragon.a(asset.o)
                              build/code/main.o (__asset_init_compression_lvl2)
D:/libdragon-toolchain/bin/../lib/gcc/mips64-elf/14.2.0/../../../../mips64-elf/lib\libdragon.a(lz4_dec.o)
                              D:/libdragon-toolchain/bin/../lib/gcc/mips64-elf/14.2.0/../../../../mips64-elf/lib\libdragon.a(asset.o) (decompress_lz4_full_inplace)
D:/libdragon-toolchain/bin/../lib/gcc/mips64-elf/14.2.0/../../../../mips64-elf/lib\libdragon.a(lz4_dec_fast.o)
                              D:/libdragon-toolchain/bin/../lib/gcc/mips64-elf/14.2.0/../../../../mips64-elf/lib\libdragon.a(lz4_dec.o) (decompress_lz4_full_fast)
D:/libdragon-toolchain/bin/../lib/gcc/mips64-elf/14.2.0/../../../../mips64-elf/lib\libdragon.a(ringbuf.o)
                              D:/libdragon-toolchain/bin/../lib/gcc/mips64-elf/14.2.0/../../../../mips64-elf/lib\libdragon.a(lz4_dec.o) (__ringbuf_init)
D:/libdragon-toolchain/bin/../lib/gcc/mips64-elf/14.2.0/../../../../mips64-elf/lib\libdragon.a(aplib_dec.o)
                              D:/libdragon-toolchain/bin/../lib/gcc/mips64-elf/14.2.0/../../../../mips64-elf/lib\libdragon.a(asset.o) (decompress_aplib_init)
D:/libdragon-toolchain/bin/../lib/gcc/mips64-elf/14.2.0/../../../../mips64-elf/lib\libdragon.a(shrinkler_dec.o)
                              D:/libdragon-toolchain/bin/../lib/gcc/mips64-elf/14.2.0/../../../../mips64-elf/lib\libdragon.a(asset.o) (decompress_shrinkler_full_inplace)
D:/libdragon-toolchain/bin/../lib/gcc/mips64-elf/14.2.0/../../../../mips64-elf/lib\libdragon.a(joypad.o)
                              build/code/main.o (joypad_poll)
D:/libdragon-toolchain/bin/../lib/gcc/mips64-elf/14.2.0/../../../../mips64-elf/lib\libdragon.a(joypad_accessory.o)
[...]
Memory Configuration

Name             Origin             Length             Attributes
*default*        0x00000000         0xffffffff

Linker script and memory map

LOAD D:/libdragon-toolchain/bin/../lib/gcc/mips64-elf/14.2.0/crti.o
LOAD D:/libdragon-toolchain/bin/../lib/gcc/mips64-elf/14.2.0/crtbegin.o
LOAD build/code/main.o
LOAD build/code/intro.o
LOAD build/code/level1.o
LOAD build/code/level2.o
LOAD build/code/level3.o
LOAD build/code/level4.o
LOAD build/code/level5.o
LOAD build/code/animationsystem.o
LOAD D:/libdragon-toolchain/bin/../lib/gcc/mips64-elf/14.2.0/../../../../mips64-elf/lib\libt3d.a
LOAD D:/libdragon-toolchain/bin/../lib/gcc/mips64-elf/14.2.0/../../../../mips64-elf/lib\libdragon.a
LOAD D:/libdragon-toolchain/bin/../lib/gcc/mips64-elf/14.2.0/../../../../mips64-elf/lib\libm.a
LOAD D:/libdragon-toolchain/bin/../lib/gcc/mips64-elf/14.2.0/../../../../mips64-elf/lib\libdragonsys.a

.intvectors     0x80000000      0x188
                0x80000000                        . = ALIGN (0x20)
 *(.intvectors)
 .intvectors    0x80000000      0x188 D:/libdragon-toolchain/bin/../lib/gcc/mips64-elf/14.2.0/../../../../mips64-elf/lib\libdragon.a(inthandler.o)
                0x80000188                        __intvectors_end = .

.text           0x80000400    0x4b9b0
                0x80000400                        __text_start = .
 *(.boot)
 .boot          0x80000400       0x74 D:/libdragon-toolchain/bin/../lib/gcc/mips64-elf/14.2.0/../../../../mips64-elf/lib\libdragon.a(entrypoint.o)
                0x80000400                _start
                0x80000480                        . = ALIGN (0x10)
 *fill*         0x80000474        0xc 
 *(.text)
 .text          0x80000480      0x400 D:/libdragon-toolchain/bin/../lib/gcc/mips64-elf/14.2.0/../../../../mips64-elf/lib\libdragon.a(inthandler.o)
                0x80000480                inthandler
                0x80000880                inthandler_end
 .text          0x80000880      0x1c0 D:/libdragon-toolchain/bin/../lib/gcc/mips64-elf/14.2.0/../../../../mips64-elf/lib\libm.a(libm_a-s_floor.o)
                0x80000880                floor
 .text          0x80000a40      0x108 D:/libdragon-toolchain/bin/../lib/gcc/mips64-elf/14.2.0/../../../../mips64-elf/lib\libm.a(libm_a-s_sin.o)
                0x80000a40                sin
 .text          0x80000b48      0x110 D:/libdragon-toolchain/bin/../lib/gcc/mips64-elf/14.2.0/../../../../mips64-elf/lib\libm.a(libm_a-sf_ceil.o)
                0x80000b48                ceilf
 .text          0x80000c58       0x20 D:/libdragon-toolchain/bin/../lib/gcc/mips64-elf/14.2.0/../../../../mips64-elf/lib\libm.a(libm_a-sf_fabs.o)
                0x80000c58                fabsf
 .text          0x80000c78      0x110 D:/libdragon-toolchain/bin/../lib/gcc/mips64-elf/14.2.0/../../../../mips64-elf/lib\libm.a(libm_a-sf_floor.o)
                0x80000c78                floorf
 .text          0x80000d88       0x80 D:/libdragon-toolchain/bin/../lib/gcc/mips64-elf/14.2.0/../../../../mips64-elf/lib\libm.a(libm_a-sf_tan.o)
                0x80000d88                tanf
 .text          0x80000e08       0x98 D:/libdragon-toolchain/bin/../lib/gcc/mips64-elf/14.2.0/../../../../mips64-elf/lib\libm.a(libm_a-sf_round.o)
                0x80000e08                roundf
 .text          0x80000ea0      0x190 D:/libdragon-toolchain/bin/../lib/gcc/mips64-elf/14.2.0/../../../../mips64-elf/lib\libm.a(libm_a-k_cos.o)
                0x80000ea0                __kernel_cos
 .text          0x80001030       0xd0 D:/libdragon-toolchain/bin/../lib/gcc/mips64-elf/14.2.0/../../../../mips64-elf/lib\libm.a(libm_a-k_sin.o)
                0x80001030                __kernel_sin
 .text          0x80001100      0x370 D:/libdragon-toolchain/bin/../lib/gcc/mips64-elf/14.2.0/../../../../mips64-elf/lib\libm.a(libm_a-e_rem_pio2.o)
                0x80001100                __ieee754_rem_pio2
 .text          0x80001470       0x30 D:/libdragon-toolchain/bin/../lib/gcc/mips64-elf/14.2.0/../../../../mips64-elf/lib\libm.a(libm_a-s_fabs.o)
                0x80001470                fabs
 .text          0x800014a0      0x2b0 D:/libdragon-toolchain/bin/../lib/gcc/mips64-elf/14.2.0/../../../../mips64-elf/lib\libm.a(libm_a-kf_tan.o)
                0x800014a0                __kernel_tanf
 .text          0x80001750      0x370 D:/libdragon-toolchain/bin/../lib/gcc/mips64-elf/14.2.0/../../../../mips64-elf/lib\libm.a(libm_a-ef_rem_pio2.o)
                0x80001750                __ieee754_rem_pio2f
 .text          0x80001ac0      0x9d8 D:/libdragon-toolchain/bin/../lib/gcc/mips64-elf/14.2.0/../../../../mips64-elf/lib\libm.a(libm_a-k_rem_pio2.o)
                0x80001ac0                __kernel_rem_pio2
 .text          0x80002498      0x9a0 D:/libdragon-toolchain/bin/../lib/gcc/mips64-elf/14.2.0/../../../../mips64-elf/lib\libm.a(libm_a-kf_rem_pio2.o)
                0x80002498                __kernel_rem_pio2f
 .text          0x80002e38      0x1b0 D:/libdragon-toolchain/bin/../lib/gcc/mips64-elf/14.2.0/../../../../mips64-elf/lib\libm.a(libm_a-s_scalbn.o)
                0x80002e38                scalbn
 .text          0x80002fe8      0x188 D:/libdragon-toolchain/bin/../lib/gcc/mips64-elf/14.2.0/../../../../mips64-elf/lib\libm.a(libm_a-sf_scalbn.o)
                0x80002fe8                scalbnf
 .text          0x80003170       0x18 D:/libdragon-toolchain/bin/../lib/gcc/mips64-elf/14.2.0/../../../../mips64-elf/lib\libc.a(libc_a-abort.o)
                0x80003170                abort
 .text          0x80003188       0x18 D:/libdragon-toolchain/bin/../lib/gcc/mips64-elf/14.2.0/../../../../mips64-elf/lib\libc.a(libc_a-calloc.o)
                0x80003188                calloc
 .text          0x800031a0      0x120 D:/libdragon-toolchain/bin/../lib/gcc/mips64-elf/14.2.0/../../../../mips64-elf/lib\libc.a(libc_a-callocr.o)
                0x800031a0                _calloc_r
 .text          0x800032c0       0x20 D:/libdragon-toolchain/bin/../lib/gcc/mips64-elf/14.2.0/../../../../mips64-elf/lib\libc.a(libc_a-malloc.o)
                0x800032c0                malloc
                0x800032d0                free
 .text          0x800032e0      0x8c8 D:/libdragon-toolchain/bin/../lib/gcc/mips64-elf/14.2.0/../../../../mips64-elf/lib\libc.a(libc_a-mallocr.o)
                0x800032e0                _malloc_r
 .text          0x80003ba8       0x20 D:/libdragon-toolchain/bin/../lib/gcc/mips64-elf/14.2.0/../../../../mips64-elf/lib\libc.a(libc_a-mlock.o)
                0x80003ba8                __malloc_lock
                0x80003bb8                __malloc_unlock
 .text          0x80003bc8       0x18 D:/libdragon-toolchain/bin/../lib/gcc/mips64-elf/14.2.0/../../../../mips64-elf/lib\libc.a(libc_a-realloc.o)
                0x80003bc8                realloc
 .text          0x80003be0      0x600 D:/libdragon-toolchain/bin/../lib/gcc/mips64-elf/14.2.0/../../../../mips64-elf/lib\libc.a(libc_a-reallocr.o)
                0x80003be0                _realloc_r
 .text          0x800041e0       0x18 D:/libdragon-toolchain/bin/../lib/gcc/mips64-elf/14.2.0/../../../../mips64-elf/lib\libc.a(libc_a-malign.o)
                0x800041e0                memalign
 .text          0x800041f8      0x200 D:/libdragon-toolchain/bin/../lib/gcc/mips64-elf/14.2.0/../../../../mips64-elf/lib\libc.a(libc_a-malignr.o)
                0x800041f8                _memalign_r
 .text          0x800043f8      0xb00 D:/libdragon-toolchain/bin/../lib/gcc/mips64-elf/14.2.0/../../../../mips64-elf/lib\libc.a(libc_a-qsort.o)
                0x800043f8                qsort
 .text          0x80004ef8     0x2a08 D:/libdragon-toolchain/bin/../lib/gcc/mips64-elf/14.2.0/../../../../mips64-elf/lib\libc.a(libc_a-vfprintf.o)
                0x80004ef8                _vfprintf_r
                0x800077e8                vfprintf
 .text          0x80007900       0x40 D:/libdragon-toolchain/bin/../lib/gcc/mips64-elf/14.2.0/../../../../mips64-elf/lib\libc.a(libc_a-sprint_r.o)
                0x80007900                __sprint_r
 .text          0x80007940      0x1b0 D:/libdragon-toolchain/bin/../lib/gcc/mips64-elf/14.2.0/../../../../mips64-elf/lib\libc.a(libc_a-fclose.o)
                0x80007940                _fclose_r
                0x80007ae0                fclose
 .text          0x80007af0      0x458 D:/libdragon-toolchain/bin/../lib/gcc/mips64-elf/14.2.0/../../../../mips64-elf/lib\libc.a(libc_a-fflush.o)
                0x80007af0                __sflush_r
                0x80007d48                _fflush_r
                0x80007e50                fflush
 .text          0x80007f48      0x510 D:/libdragon-toolchain/bin/../lib/gcc/mips64-elf/14.2.0/../../../../mips64-elf/lib\libc.a(libc_a-findfp.o)
                0x800081e0                __sfp
                0x80008350                __sinit
                0x800083c8                __sfp_lock_acquire
                0x800083d8                __sfp_lock_release
                0x800083e8                __fp_lock_all
                0x80008420                __fp_unlock_all
 .text          0x80008458       0x68 D:/libdragon-toolchain/bin/../lib/gcc/mips64-elf/14.2.0/../../../../mips64-elf/lib\libc.a(libc_a-fprintf.o)
                0x80008458                _fprintf_r
                0x80008480                fprintf
 .text          0x800084c0      0x190 D:/libdragon-toolchain/bin/../lib/gcc/mips64-elf/14.2.0/../../../../mips64-elf/lib\libc.a(libc_a-fputc.o)
                0x800084c0                _fputc_r
                0x80008588                fputc
 .text          0x80008650      0x3d0 D:/libdragon-toolchain/bin/../lib/gcc/mips64-elf/14.2.0/../../../../mips64-elf/lib\libc.a(libc_a-fread.o)
                0x80008650                _fread_r
                0x800089f0                fread
 .text          0x80008a20       0x20 D:/libdragon-toolchain/bin/../lib/gcc/mips64-elf/14.2.0/../../../../mips64-elf/lib\libc.a(libc_a-fseek.o)
                0x80008a20                _fseek_r
                0x80008a28                fseek
 .text          0x80008a40      0x508 D:/libdragon-toolchain/bin/../lib/gcc/mips64-elf/14.2.0/../../../../mips64-elf/lib\libc.a(libc_a-fvwrite.o)
                0x80008a40                __sfvwrite_r
 .text          0x80008f48       0xc0 D:/libdragon-toolchain/bin/../lib/gcc/mips64-elf/14.2.0/../../../../mips64-elf/lib\libc.a(libc_a-fwalk.o)
                0x80008f48                _fwalk_sglue
 .text          0x80009008      0x250 D:/libdragon-toolchain/bin/../lib/gcc/mips64-elf/14.2.0/../../../../mips64-elf/lib\libc.a(libc_a-fwrite.o)
                0x80009008                _fwrite_r
                0x80009228                fwrite
 .text          0x80009258       0x78 D:/libdragon-toolchain/bin/../lib/gcc/mips64-elf/14.2.0/../../../../mips64-elf/lib\libc.a(libc_a-printf.o)
                0x80009258                _printf_r
                0x80009290                printf
 .text          0x800092d0      0x240 D:/libdragon-toolchain/bin/../lib/gcc/mips64-elf/14.2.0/../../../../mips64-elf/lib\libc.a(libc_a-putc.o)
                0x800092d0                _putc_r
                0x800093e0                putc
 .text          0x80009510       0x20 D:/libdragon-toolchain/bin/../lib/gcc/mips64-elf/14.2.0/../../../../mips64-elf/lib\libc.a(libc_a-putchar.o)
                0x80009510                _putchar_r
                0x80009518                putchar
 .text          0x80009530      0x1a8 D:/libdragon-toolchain/bin/../lib/gcc/mips64-elf/14.2.0/../../../../mips64-elf/lib\libc.a(libc_a-puts.o)
                0x80009530                _puts_r
                0x800096c8                puts
 .text          0x800096d8      0x200 D:/libdragon-toolchain/bin/../lib/gcc/mips64-elf/14.2.0/../../../../mips64-elf/lib\libc.a(libc_a-refill.o)
                0x80009700                __srefill_r
 .text          0x800098d8       0x78 D:/libdragon-toolchain/bin/../lib/gcc/mips64-elf/14.2.0/../../../../mips64-elf/lib\libc.a(libc_a-rewind.o)
                0x800098d8                _rewind_r
                0x80009910                rewind
 .text          0x80009950      0x2f0 D:/libdragon-toolchain/bin/../lib/gcc/mips64-elf/14.2.0/../../../../mips64-elf/lib\libc.a(libc_a-setvbuf.o)
                0x80009950                setvbuf
 .text          0x80009c40      0x1c8 D:/libdragon-toolchain/bin/../lib/gcc/mips64-elf/14.2.0/../../../../mips64-elf/lib\libc.a(libc_a-snprintf.o)
                0x80009c40                _snprintf_r
                0x80009d20                snprintf
 .text          0x80009e08       0xe0 D:/libdragon-toolchain/bin/../lib/gcc/mips64-elf/14.2.0/../../../../mips64-elf/lib\libc.a(libc_a-sprintf.o)
                0x80009e08                _sprintf_r
                0x80009e70                sprintf
 .text          0x80009ee8      0x190 D:/libdragon-toolchain/bin/../lib/gcc/mips64-elf/14.2.0/../../../../mips64-elf/lib\libc.a(libc_a-stdio.o)
                0x80009ee8                __sread
                0x80009f40                __seofread
                0x80009f48                __swrite
                0x8000a008                __sseek
                0x8000a070                __sclose
 .text          0x8000a078       0x30 D:/libdragon-toolchain/bin/../lib/gcc/mips64-elf/14.2.0/../../../../mips64-elf/lib\libc.a(libc_a-vprintf.o)
                0x8000a078                vprintf
                0x8000a090                _vprintf_r
 .text          0x8000a0a8      0x1d0 D:/libdragon-toolchain/bin/../lib/gcc/mips64-elf/14.2.0/../../../../mips64-elf/lib\libc.a(libc_a-wbuf.o)
                0x8000a0a8                __swbuf_r
                0x8000a260                __swbuf
 .text          0x8000a278      0x1e0 D:/libdragon-toolchain/bin/../lib/gcc/mips64-elf/14.2.0/../../../../mips64-elf/lib\libc.a(libc_a-wsetup.o)
                0x8000a278                __swsetup_r
 .text          0x8000a458      0x550 D:/libdragon-toolchain/bin/../lib/gcc/mips64-elf/14.2.0/../../../../mips64-elf/lib\libc.a(libc_a-fseeko.o)
                0x8000a458                _fseeko_r
                0x8000a990                fseeko
 .text          0x8000a9a8      0x488 D:/libdragon-toolchain/bin/../lib/gcc/mips64-elf/14.2.0/../../../../mips64-elf/lib\libc.a(libc_a-funopen.o)
                0x8000ac08                _funopen_r
                0x8000adf8                funopen
 .text          0x8000ae30      0x168 D:/libdragon-toolchain/bin/../lib/gcc/mips64-elf/14.2.0/../../../../mips64-elf/lib\libc.a(libc_a-vasnprintf.o)
                0x8000ae30                _vasnprintf_r
                0x8000aee0                vasnprintf
 .text          0x8000af98       0xf0 D:/libdragon-toolchain/bin/../lib/gcc/mips64-elf/14.2.0/../../../../mips64-elf/lib\libc.a(libc_a-memchr.o)
                0x8000af98                memchr
 .text          0x8000b088       0x80 D:/libdragon-toolchain/bin/../lib/gcc/mips64-elf/14.2.0/../../../../mips64-elf/lib\libc.a(libc_a-memcmp.o)
                0x8000b088                memcmp
 .text          0x8000b108      0x168 D:/libdragon-toolchain/bin/../lib/gcc/mips64-elf/14.2.0/../../../../mips64-elf/lib\libc.a(libc_a-memmove.o)
                0x8000b108                memmove
 .text          0x8000b270       0x98 D:/libdragon-toolchain/bin/../lib/gcc/mips64-elf/14.2.0/../../../../mips64-elf/lib\libc.a(libc_a-strcat.o)
                0x8000b270                strcat
 .text          0x8000b308      0x188 D:/libdragon-toolchain/bin/../lib/gcc/mips64-elf/14.2.0/../../../../mips64-elf/lib\libc.a(libc_a-strchr.o)
                0x8000b308                strchr
 .text          0x8000b490       0xa8 D:/libdragon-toolchain/bin/../lib/gcc/mips64-elf/14.2.0/../../../../mips64-elf/lib\libc.a(libc_a-strcpy.o)
                0x8000b490                strcpy
 .text          0x8000b538      0x460 D:/libdragon-toolchain/bin/../lib/gcc/mips64-elf/14.2.0/../../../../mips64-elf/lib\libc.a(libc_a-strerror.o)
                0x8000b538                _strerror_r
                0x8000b968                strerror
                0x8000b980                strerror_l
 .text          0x8000b998       0x70 D:/libdragon-toolchain/bin/../lib/gcc/mips64-elf/14.2.0/../../../../mips64-elf/lib\libc.a(libc_a-strrchr.o)
                0x8000b998                strrchr
 .text          0x8000ba08      0xbb8 D:/libdragon-toolchain/bin/../lib/gcc/mips64-elf/14.2.0/../../../../mips64-elf/lib\libc.a(libc_a-strstr.o)
                0x8000c2c0                strstr
 .text          0x8000c5c0        0x8 D:/libdragon-toolchain/bin/../lib/gcc/mips64-elf/14.2.0/../../../../mips64-elf/lib\libc.a(libc_a-u_strerr.o)
                0x8000c5c0                _user_strerror
 .text          0x8000c5c8       0x90 D:/libdragon-toolchain/bin/../lib/gcc/mips64-elf/14.2.0/../../../../mips64-elf/lib\libc.a(libc_a-stpcpy.o)
                0x8000c5c8                stpcpy
 .text          0x8000c658      0x598 D:/libdragon-toolchain/bin/../lib/gcc/mips64-elf/14.2.0/../../../../mips64-elf/lib\libc.a(libc_a-signal.o)
                0x8000c658                _init_signal_r
                0x8000c6c0                _signal_r
                0x8000c770                _raise_r
                0x8000c828                __sigtramp_r
                0x8000c918                raise
                0x8000c9e0                signal
                0x8000ca98                _init_signal
                0x8000cb08                __sigtramp
 .text          0x8000cbf0       0x28 D:/libdragon-toolchain/bin/../lib/gcc/mips64-elf/14.2.0/../../../../mips64-elf/lib\libc.a(libc_a-localeconv.o)
                0x8000cbf0                __localeconv_l
                0x8000cbf8                _localeconv_r
                0x8000cc08                localeconv
 .text          0x8000cc18       0x50 D:/libdragon-toolchain/bin/../lib/gcc/mips64-elf/14.2.0/../../../../mips64-elf/lib\libc.a(libc_a-closer.o)
                0x8000cc18                _close_r
 .text          0x8000cc68       0x58 D:/libdragon-toolchain/bin/../lib/gcc/mips64-elf/14.2.0/../../../../mips64-elf/lib\libc.a(libc_a-fstatr.o)
                0x8000cc68                _fstat_r
 .text          0x8000ccc0       0x60 D:/libdragon-toolchain/bin/../lib/gcc/mips64-elf/14.2.0/../../../../mips64-elf/lib\libc.a(libc_a-lseekr.o)
                0x8000ccc0                _lseek_r
 .text          0x8000cd20       0x60 D:/libdragon-toolchain/bin/../lib/gcc/mips64-elf/14.2.0/../../../../mips64-elf/lib\libc.a(libc_a-readr.o)
                0x8000cd20                _read_r
 .text          0x8000cd80       0x60 D:/libdragon-toolchain/bin/../lib/gcc/mips64-elf/14.2.0/../../../../mips64-elf/lib\libc.a(libc_a-signalr.o)
                0x8000cd80                _kill_r
                0x8000cdd8                _getpid_r
 .text          0x8000cde0       0x50 D:/libdragon-toolchain/bin/../lib/gcc/mips64-elf/14.2.0/../../../../mips64-elf/lib\libc.a(libc_a-sbrkr.o)
                0x8000cde0                _sbrk_r
 .text          0x8000ce30       0x60 D:/libdragon-toolchain/bin/../lib/gcc/mips64-elf/14.2.0/../../../../mips64-elf/lib\libc.a(libc_a-writer.o)
                0x8000ce30                _write_r
 .text          0x8000ce90        0x8 D:/libdragon-toolchain/bin/../lib/gcc/mips64-elf/14.2.0/../../../../mips64-elf/lib\libc.a(libc_a-errno.o)
                0x8000ce90                __errno
 .text          0x8000ce98       0x18 D:/libdragon-toolchain/bin/../lib/gcc/mips64-elf/14.2.0/../../../../mips64-elf/lib\libc.a(libc_a-strlen.o)
                0x8000ce98                strlen
 .text          0x8000ceb0      0x240 D:/libdragon-toolchain/bin/../lib/gcc/mips64-elf/14.2.0/../../../../mips64-elf/lib\libc.a(libc_a-strcmp.o)
                0x8000ceb0                strcmp
 .text          0x8000d0f0      0x220 D:/libdragon-toolchain/bin/../lib/gcc/mips64-elf/14.2.0/../../../../mips64-elf/lib\libc.a(libc_a-strncpy.o)
                0x8000d0f0                strncpy
 .text          0x8000d310      0x11c D:/libdragon-toolchain/bin/../lib/gcc/mips64-elf/14.2.0/../../../../mips64-elf/lib\libc.a(libc_a-memset.o)
                0x8000d310                memset
 .text          0x8000d42c      0x370 D:/libdragon-toolchain/bin/../lib/gcc/mips64-elf/14.2.0/../../../../mips64-elf/lib\libc.a(libc_a-memcpy.o)
                0x8000d42c                memcpy
 *fill*         0x8000d79c        0x4 
 .text          0x8000d7a0     0x1810 D:/libdragon-toolchain/bin/../lib/gcc/mips64-elf/14.2.0/../../../../mips64-elf/lib\libc.a(libc_a-dtoa.o)
                0x8000d9f0                _dtoa_r
 .text          0x8000efb0      0x470 D:/libdragon-toolchain/bin/../lib/gcc/mips64-elf/14.2.0/../../../../mips64-elf/lib\libc.a(libc_a-freer.o)
                0x8000efb0                _malloc_trim_r
                0x8000f0f0                _free_r
 .text          0x8000f420     0x1480 D:/libdragon-toolchain/bin/../lib/gcc/mips64-elf/14.2.0/../../../../mips64-elf/lib\libc.a(libc_a-mprec.o)
                0x8000f420                _Balloc
                0x8000f4d0                _Bfree
                0x8000f500                __multadd
                0x8000f658                __s2b
                0x8000f7d8                __hi0bits
                0x8000f880                __lo0bits
                0x8000f998                __i2b
                0x8000fa70                __multiply
                0x8000fcf8                __pow5mult
                0x8000fe60                __lshift
                0x80010018                __mcmp
                0x80010080                __mdiff
                0x800102f8                __ulp
                0x800103a8                __b2d
                0x80010540                __d2b
                0x80010698                __ratio
                0x80010758                _mprec_log10
                0x80010798                __copybits
                0x80010820                __any_on
 .text          0x800108a0     0x2718 D:/libdragon-toolchain/bin/../lib/gcc/mips64-elf/14.2.0/../../../../mips64-elf/lib\libc.a(libc_a-svfprintf.o)
                0x800108a0                _svfprintf_r
 .text          0x80012fb8       0xc8 D:/libdragon-toolchain/bin/../lib/gcc/mips64-elf/14.2.0/../../../../mips64-elf/lib\libc.a(libc_a-ssprint_r.o)
                0x80012fb8                __ssprint_r
 .text          0x80013080      0x230 D:/libdragon-toolchain/bin/../lib/gcc/mips64-elf/14.2.0/../../../../mips64-elf/lib\libc.a(libc_a-makebuf.o)
                0x80013080                __smakebuf_r
                0x80013200                __swhatbuf_r
 .text          0x800132b0       0x40 D:/libdragon-toolchain/bin/../lib/gcc/mips64-elf/14.2.0/../../../../mips64-elf/lib\libc.a(libc_a-strnlen.o)
                0x800132b0                strnlen
 .text          0x800132f0       0x50 D:/libdragon-toolchain/bin/../lib/gcc/mips64-elf/14.2.0/../../../../mips64-elf/lib\libc.a(libc_a-isattyr.o)
                0x800132f0                _isatty_r
 .text          0x80013340       0x70 D:/libdragon-toolchain/bin/../lib/gcc/mips64-elf/14.2.0/../../../../mips64-elf/lib\libc.a(libc_a-mbtowc_r.o)
                0x80013340                _mbtowc_r
                0x80013350                __ascii_mbtowc
 .text          0x800133b0       0x48 D:/libdragon-toolchain/bin/../lib/gcc/mips64-elf/14.2.0/../../../../mips64-elf/lib\libc.a(libc_a-wctomb_r.o)
                0x800133b0                _wctomb_r
                0x800133c0                __ascii_wctomb
 .text          0x800133f8      0x188 D:/libdragon-toolchain/bin/../lib/gcc/mips64-elf/14.2.0/../../../../mips64-elf/lib\libc.a(libc_a-ssputs_r.o)
                0x800133f8                __ssputs_r
 .text          0x80013580       0x70 D:/libdragon-toolchain/bin/../lib/gcc/mips64-elf/14.2.0\libgcc.a(_clzsi2.o)
                0x80013580                __clzdi2
 *(.text.*)
 *fill*         0x800135f0       0x10 
 .text.startup.main
                0x80013600      0x320 build/code/main.o
                0x80013600                main
 .text.intro_init
                0x80013920      0x3e0 build/code/intro.o
                0x80013920                intro_init
 .text.intro_update
                0x80013d00      0x1e0 build/code/intro.o
                0x80013d00                intro_update
 .text.intro_render
                0x80013ee0      0x200 build/code/intro.o
                0x80013ee0                intro_render
 .text.intro_cleanup
                0x800140e0      0x100 build/code/intro.o
                0x800140e0                intro_cleanup
 .text.level1_init
                0x800141e0      0x440 build/code/level1.o
                0x800141e0                level1_init
 .text.level1_update
                0x80014620      0x1c0 build/code/level1.o
                0x80014620                level1_update
 .text.level1_render
                0x800147e0      0x180 build/code/level1.o
                0x800147e0                level1_render
 .text.level1_cleanup
                0x80014960       0xc0 build/code/level1.o
                0x80014960                level1_cleanup
 .text.level2_init
                0x80014a20      0x380 build/code/level2.o
                0x80014a20                level2_init
 .text.level2_update
                0x80014da0      0x1c0 build/code/level2.o
                0x80014da0                level2_update
 .text.level2_render
                0x80014f60      0x180 build/code/level2.o
                0x80014f60                level2_render
 .text.level2_cleanup
                0x800150e0       0xc0 build/code/level2.o
                0x800150e0                level2_cleanup
 .text.level3_init
                0x800151a0      0x380 build/code/level3.o
                0x800151a0                level3_init
 .text.level3_update
                0x80015520      0x1c0 build/code/level3.o
                0x80015520                level3_update
 .text.level3_render
                0x800156e0      0x180 build/code/level3.o
                0x800156e0                level3_render
 .text.level3_cleanup
                0x80015860       0xc0 build/code/level3.o
                0x80015860                level3_cleanup
 .text.level4_init
                0x80015920      0x380 build/code/level4.o
                0x80015920                level4_init
 .text.level4_update
                0x80015ca0      0x1c0 build/code/level4.o
                0x80015ca0                level4_update
 .text.level4_render
                0x80015e60      0x180 build/code/level4.o
                0x80015e60                level4_render
 .text.level4_cleanup
                0x80015fe0       0xc0 build/code/level4.o
                0x80015fe0                level4_cleanup
 .text.level5_init
                0x800160a0      0x380 build/code/level5.o
                0x800160a0                level5_init
 .text.level5_update
                0x80016420      0x1c0 build/code/level5.o
                0x80016420                level5_update
 .text.level5_render
                0x800165e0      0x180 build/code/level5.o
                0x800165e0                level5_render
 .text.level5_cleanup
                0x80016760       0xc0 build/code/level5.o
                0x80016760                level5_cleanup
 .text.animation_system_init
                0x80016820      0x1c0 build/code/animationsystem.o
                0x80016820                animation_system_init
 .text.animation_system_update
                0x800169e0       0x80 build/code/animationsystem.o
                0x800169e0                animation_system_update
 .text.animation_system_cleanup
                0x80016a60       0xc0 build/code/animationsystem.o
                0x80016a60                animation_system_cleanup
 .text.animation_system_stop
                0x80016b20       0xa0 build/code/animationsystem.o
                0x80016b20                animation_system_stop
 .text.animation_system_play
                0x80016bc0      0x1a0 build/code/animationsystem.o
                0x80016bc0                animation_system_play
 .text.t3d_vec3_cross
                0x80016d60       0x54 D:/libdragon-toolchain/bin/../lib/gcc/mips64-elf/14.2.0/../../../../mips64-elf/lib\libt3d.a
 .text.t3d_vec3_norm
                0x80016db4       0x54 D:/libdragon-toolchain/bin/../lib/gcc/mips64-elf/14.2.0/../../../../mips64-elf/lib\libt3d.a
 .text.t3d_quat_nlerp
                0x80016e08       0xdc D:/libdragon-toolchain/bin/../lib/gcc/mips64-elf/14.2.0/../../../../mips64-elf/lib\libt3d.a
                0x80016e08                t3d_quat_nlerp
 .text.t3d_mat4_look_at
                0x80016ee4      0x130 D:/libdragon-toolchain/bin/../lib/gcc/mips64-elf/14.2.0/../../../../mips64-elf/lib\libt3d.a
                0x80016ee4                t3d_mat4_look_at
 .text.t3d_mat4_to_frustum
                0x80017014       0xb4 D:/libdragon-toolchain/bin/../lib/gcc/mips64-elf/14.2.0/../../../../mips64-elf/lib\libt3d.a
                0x80017014                t3d_mat4_to_frustum
 .text.t3d_mat4_perspective
                0x800170c8       0xb4 D:/libdragon-toolchain/bin/../lib/gcc/mips64-elf/14.2.0/../../../../mips64-elf/lib\libt3d.a
                0x800170c8                t3d_mat4_perspective
 .text.t3d_mat4_to_fixed
                0x8001717c       0xbc D:/libdragon-toolchain/bin/../lib/gcc/mips64-elf/14.2.0/../../../../mips64-elf/lib\libt3d.a
                0x8001717c                t3d_mat4_to_fixed
 .text.t3d_mat4_to_fixed_3x4
                0x80017238       0xa8 D:/libdragon-toolchain/bin/../lib/gcc/mips64-elf/14.2.0/../../../../mips64-elf/lib\libt3d.a
                0x80017238                t3d_mat4_to_fixed_3x4
 .text.t3d_mat4_from_srt
                0x800172e0      0x130 D:/libdragon-toolchain/bin/../lib/gcc/mips64-elf/14.2.0/../../../../mips64-elf/lib\libt3d.a
                0x800172e0                t3d_mat4_from_srt
 .text.t3d_mat4_from_srt_euler
                0x80017410      0x17c D:/libdragon-toolchain/bin/../lib/gcc/mips64-elf/14.2.0/../../../../mips64-elf/lib\libt3d.a
                0x80017410                t3d_mat4_from_srt_euler
 .text.t3d_mat4fp_from_srt_euler
                0x8001758c       0x34 D:/libdragon-toolchain/bin/../lib/gcc/mips64-elf/14.2.0/../../../../mips64-elf/lib\libt3d.a
                0x8001758c                t3d_mat4fp_from_srt_euler
 .text.t3d_mat4_mul
                0x800175c0       0x70 D:/libdragon-toolchain/bin/../lib/gcc/mips64-elf/14.2.0/../../../../mips64-elf/lib\libt3d.a
 .text.t3d_matrix_stack
                0x80017630       0x6c D:/libdragon-toolchain/bin/../lib/gcc/mips64-elf/14.2.0/../../../../mips64-elf/lib\libt3d.a
 .text.t3d_dmem_set_u16
                0x8001769c       0x48 D:/libdragon-toolchain/bin/../lib/gcc/mips64-elf/14.2.0/../../../../mips64-elf/lib\libt3d.a
 .text.t3d_dmem_set_u32
                0x800176e4       0x44 D:/libdragon-toolchain/bin/../lib/gcc/mips64-elf/14.2.0/../../../../mips64-elf/lib\libt3d.a
 .text.t3d_init
                0x80017728       0xc0 D:/libdragon-toolchain/bin/../lib/gcc/mips64-elf/14.2.0/../../../../mips64-elf/lib\libt3d.a
                0x80017728                t3d_init
 .text.t3d_screen_clear_color
                0x800177e8       0x24 D:/libdragon-toolchain/bin/../lib/gcc/mips64-elf/14.2.0/../../../../mips64-elf/lib\libt3d.a
                0x800177e8                t3d_screen_clear_color
 .text.t3d_screen_clear_depth
                0x8001780c       0x24 D:/libdragon-toolchain/bin/../lib/gcc/mips64-elf/14.2.0/../../../../mips64-elf/lib\libt3d.a
                0x8001780c                t3d_screen_clear_depth
 .text.t3d_matrix_set
                0x80017830       0x10 D:/libdragon-toolchain/bin/../lib/gcc/mips64-elf/14.2.0/../../../../mips64-elf/lib\libt3d.a
                0x80017830                t3d_matrix_set
 .text.t3d_matrix_push
                0x80017840       0x10 D:/libdragon-toolchain/bin/../lib/gcc/mips64-elf/14.2.0/../../../../mips64-elf/lib\libt3d.a
                0x80017840                t3d_matrix_push
 .text.t3d_matrix_pop
                0x80017850       0x18 D:/libdragon-toolchain/bin/../lib/gcc/mips64-elf/14.2.0/../../../../mips64-elf/lib\libt3d.a
                0x80017850                t3d_matrix_pop
 .text.t3d_matrix_set_proj
                0x80017868       0x4c D:/libdragon-toolchain/bin/../lib/gcc/mips64-elf/14.2.0/../../../../mips64-elf/lib\libt3d.a
                0x80017868                t3d_matrix_set_proj
 .text.t3d_vert_load
                0x800178b4       0x84 D:/libdragon-toolchain/bin/../lib/gcc/mips64-elf/14.2.0/../../../../mips64-elf/lib\libt3d.a
                0x800178b4                t3d_vert_load
 .text.t3d_frame_start
                0x80017938       0x58 D:/libdragon-toolchain/bin/../lib/gcc/mips64-elf/14.2.0/../../../../mips64-elf/lib\libt3d.a
                0x80017938                t3d_frame_start
 .text.t3d_light_set_count
                0x80017990        0xc D:/libdragon-toolchain/bin/../lib/gcc/mips64-elf/14.2.0/../../../../mips64-elf/lib\libt3d.a
                0x80017990                t3d_light_set_count
 .text.t3d_light_set_ambient
                0x8001799c       0x54 D:/libdragon-toolchain/bin/../lib/gcc/mips64-elf/14.2.0/../../../../mips64-elf/lib\libt3d.a
                0x8001799c                t3d_light_set_ambient
 .text.t3d_light_set_directional
                0x800179f0      0x1a0 D:/libdragon-toolchain/bin/../lib/gcc/mips64-elf/14.2.0/../../../../mips64-elf/lib\libt3d.a
                0x800179f0                t3d_light_set_directional
 .text.t3d_state_set_drawflags
                0x80017b90       0x98 D:/libdragon-toolchain/bin/../lib/gcc/mips64-elf/14.2.0/../../../../mips64-elf/lib\libt3d.a
                0x80017b90                t3d_state_set_drawflags
 .text.t3d_state_set_vertex_fx
                0x80017c28       0xb4 D:/libdragon-toolchain/bin/../lib/gcc/mips64-elf/14.2.0/../../../../mips64-elf/lib\libt3d.a
                0x80017c28                t3d_state_set_vertex_fx
 .text.t3d_tri_draw
                0x80017cdc       0xa4 D:/libdragon-toolchain/bin/../lib/gcc/mips64-elf/14.2.0/../../../../mips64-elf/lib\libt3d.a
                0x80017cdc                t3d_tri_draw
 .text.t3d_tri_draw_strip
                0x80017d80       0xa8 D:/libdragon-toolchain/bin/../lib/gcc/mips64-elf/14.2.0/../../../../mips64-elf/lib\libt3d.a
                0x80017d80                t3d_tri_draw_strip
 .text.t3d_viewport_attach
                0x80017e28      0x37c D:/libdragon-toolchain/bin/../lib/gcc/mips64-elf/14.2.0/../../../../mips64-elf/lib\libt3d.a
                0x80017e28                t3d_viewport_attach
 .text.t3d_viewport_set_perspective
                0x800181a4       0x4c D:/libdragon-toolchain/bin/../lib/gcc/mips64-elf/14.2.0/../../../../mips64-elf/lib\libt3d.a
                0x800181a4                t3d_viewport_set_perspective
 .text.t3d_viewport_set_projection
                0x800181f0       0x40 D:/libdragon-toolchain/bin/../lib/gcc/mips64-elf/14.2.0/../../../../mips64-elf/lib\libt3d.a
                0x800181f0                t3d_viewport_set_projection
 .text.t3d_viewport_look_at
                0x80018230       0x58 D:/libdragon-toolchain/bin/../lib/gcc/mips64-elf/14.2.0/../../../../mips64-elf/lib\libt3d.a
                0x80018230                t3d_viewport_look_at
 .text.t3d_indexbuffer_convert
                0x80018288       0x58 D:/libdragon-toolchain/bin/../lib/gcc/mips64-elf/14.2.0/../../../../mips64-elf/lib\libt3d.a
                0x80018288                t3d_indexbuffer_convert
 .text.set_texture
                0x800182e0      0x2d4 D:/libdragon-toolchain/bin/../lib/gcc/mips64-elf/14.2.0/../../../../mips64-elf/lib\libt3d.a
 .text.texture_cache_free
                0x800185b4       0x74 D:/libdragon-toolchain/bin/../lib/gcc/mips64-elf/14.2.0/../../../../mips64-elf/lib\libt3d.a
 .text.t3d_model_load
                0x80018628      0x3fc D:/libdragon-toolchain/bin/../lib/gcc/mips64-elf/14.2.0/../../../../mips64-elf/lib\libt3d.a
                0x80018628                t3d_model_load
 .text.t3d_model_draw_object
                0x80018a24      0x20c D:/libdragon-toolchain/bin/../lib/gcc/mips64-elf/14.2.0/../../../../mips64-elf/lib\libt3d.a
                0x80018a24                t3d_model_draw_object
 .text.t3d_model_draw_material
                0x80018c30      0x368 D:/libdragon-toolchain/bin/../lib/gcc/mips64-elf/14.2.0/../../../../mips64-elf/lib\libt3d.a
                0x80018c30                t3d_model_draw_material
 .text.t3d_model_free
                0x80018f98      0x174 D:/libdragon-toolchain/bin/../lib/gcc/mips64-elf/14.2.0/../../../../mips64-elf/lib\libt3d.a
                0x80018f98                t3d_model_free
 .text.t3d_model_get_animation
                0x8001910c       0xb4 D:/libdragon-toolchain/bin/../lib/gcc/mips64-elf/14.2.0/../../../../mips64-elf/lib\libt3d.a
                0x8001910c                t3d_model_get_animation
 .text.t3d_model_get_animations
                0x800191c0       0x58 D:/libdragon-toolchain/bin/../lib/gcc/mips64-elf/14.2.0/../../../../mips64-elf/lib\libt3d.a
                0x800191c0                t3d_model_get_animations
 .text.t3d_model_iter_next
                0x80019218       0x68 D:/libdragon-toolchain/bin/../lib/gcc/mips64-elf/14.2.0/../../../../mips64-elf/lib\libt3d.a
                0x80019218                t3d_model_iter_next
 .text.t3d_model_draw_custom
                0x80019280      0x100 D:/libdragon-toolchain/bin/../lib/gcc/mips64-elf/14.2.0/../../../../mips64-elf/lib\libt3d.a
                0x80019280                t3d_model_draw_custom
 .text.t3d_skeleton_reset
                0x80019380       0xa0 D:/libdragon-toolchain/bin/../lib/gcc/mips64-elf/14.2.0/../../../../mips64-elf/lib\libt3d.a
                0x80019380                t3d_skeleton_reset
 .text.t3d_skeleton_create_buffered
                0x80019420      0x108 D:/libdragon-toolchain/bin/../lib/gcc/mips64-elf/14.2.0/../../../../mips64-elf/lib\libt3d.a
                0x80019420                t3d_skeleton_create_buffered
 .text.t3d_skeleton_update
                0x80019528      0x23c D:/libdragon-toolchain/bin/../lib/gcc/mips64-elf/14.2.0/../../../../mips64-elf/lib\libt3d.a
                0x80019528                t3d_skeleton_update
 .text.t3d_skeleton_destroy
                0x80019764       0x50 D:/libdragon-toolchain/bin/../lib/gcc/mips64-elf/14.2.0/../../../../mips64-elf/lib\libt3d.a
                0x80019764                t3d_skeleton_destroy
 .text.rewind_anim
                0x800197b4       0x74 D:/libdragon-toolchain/bin/../lib/gcc/mips64-elf/14.2.0/../../../../mips64-elf/lib\libt3d.a
 .text.t3d_anim_create
                0x80019828       0xb4 D:/libdragon-toolchain/bin/../lib/gcc/mips64-elf/14.2.0/../../../../mips64-elf/lib\libt3d.a
                0x80019828                t3d_anim_create
 .text.t3d_anim_attach
                0x800198dc      0x1a4 D:/libdragon-toolchain/bin/../lib/gcc/mips64-elf/14.2.0/../../../../mips64-elf/lib\libt3d.a
                0x800198dc                t3d_anim_attach
 .text.t3d_anim_update
                0x80019a80      0x384 D:/libdragon-toolchain/bin/../lib/gcc/mips64-elf/14.2.0/../../../../mips64-elf/lib\libt3d.a
                0x80019a80                t3d_anim_update
 .text.t3d_anim_destroy
                0x80019e04       0x50 D:/libdragon-toolchain/bin/../lib/gcc/mips64-elf/14.2.0/../../../../mips64-elf/lib\libt3d.a
                0x80019e04                t3d_anim_destroy
 *fill*         0x80019e54        0xc 
 .text.data_cache_hit_writeback
                0x80019e60       0x60 D:/libdragon-toolchain/bin/../lib/gcc/mips64-elf/14.2.0/../../../../mips64-elf/lib\libdragon.a(n64sys.o)
                0x80019e60                data_cache_hit_writeback
 .text.__data_cache_hit_invalidate
                0x80019ec0       0x60 D:/libdragon-toolchain/bin/../lib/gcc/mips64-elf/14.2.0/../../../../mips64-elf/lib\libdragon.a(n64sys.o)
                0x80019ec0                __data_cache_hit_invalidate
 .text.data_cache_hit_writeback_invalidate
                0x80019f20       0x60 D:/libdragon-toolchain/bin/../lib/gcc/mips64-elf/14.2.0/../../../../mips64-elf/lib\libdragon.a(n64sys.o)
                0x80019f20                data_cache_hit_writeback_invalidate
 .text.inst_cache_hit_invalidate
                0x80019f80       0x60 D:/libdragon-toolchain/bin/../lib/gcc/mips64-elf/14.2.0/../../../../mips64-elf/lib\libdragon.a(n64sys.o)
                0x80019f80                inst_cache_hit_invalidate
 .text.malloc_uncached_aligned
                0x80019fe0       0xc0 D:/libdragon-toolchain/bin/../lib/gcc/mips64-elf/14.2.0/../../../../mips64-elf/lib\libdragon.a(n64sys.o)
                0x80019fe0                malloc_uncached_aligned
 .text.malloc_uncached
                0x8001a0a0       0x20 D:/libdragon-toolchain/bin/../lib/gcc/mips64-elf/14.2.0/../../../../mips64-elf/lib\libdragon.a(n64sys.o)
                0x8001a0a0                malloc_uncached
 .text.free_uncached
                0x8001a0c0       0x20 D:/libdragon-toolchain/bin/../lib/gcc/mips64-elf/14.2.0/../../../../mips64-elf/lib\libdragon.a(n64sys.o)
                0x8001a0c0                free_uncached
 .text.get_memory_size
                0x8001a0e0       0x20 D:/libdragon-toolchain/bin/../lib/gcc/mips64-elf/14.2.0/../../../../mips64-elf/lib\libdragon.a(n64sys.o)
                0x8001a0e0                get_memory_size
 .text.get_ticks
                0x8001a100       0x40 D:/libdragon-toolchain/bin/../lib/gcc/mips64-elf/14.2.0/../../../../mips64-elf/lib\libdragon.a(n64sys.o)
                0x8001a100                get_ticks
 .text.get_ticks_us
                0x8001a140       0x60 D:/libdragon-toolchain/bin/../lib/gcc/mips64-elf/14.2.0/../../../../mips64-elf/lib\libdragon.a(n64sys.o)
                0x8001a140                get_ticks_us
 .text.wait_ms  0x8001a1a0       0x40 D:/libdragon-toolchain/bin/../lib/gcc/mips64-elf/14.2.0/../../../../mips64-elf/lib\libdragon.a(n64sys.o)
                0x8001a1a0                wait_ms
 .text.die      0x8001a1e0       0x60 D:/libdragon-toolchain/bin/../lib/gcc/mips64-elf/14.2.0/../../../../mips64-elf/lib\libdragon.a(n64sys.o)
                0x8001a1e0                die
 .text.startup.__init_cop1
                0x8001a240       0x40 D:/libdragon-toolchain/bin/../lib/gcc/mips64-elf/14.2.0/../../../../mips64-elf/lib\libdragon.a(n64sys.o)
                0x8001a240                __init_cop1
 .text.__MI_handler
                0x8001a280      0x380 D:/libdragon-toolchain/bin/../lib/gcc/mips64-elf/14.2.0/../../../../mips64-elf/lib\libdragon.a(interrupt.o)
                0x8001a280                __MI_handler
 .text.__MI_BB_handler
                0x8001a600      0x300 D:/libdragon-toolchain/bin/../lib/gcc/mips64-elf/14.2.0/../../../../mips64-elf/lib\libdragon.a(interrupt.o)
                0x8001a600                __MI_BB_handler
 .text.__TI_handler
                0x8001a900       0x80 D:/libdragon-toolchain/bin/../lib/gcc/mips64-elf/14.2.0/../../../../mips64-elf/lib\libdragon.a(interrupt.o)
                0x8001a900                __TI_handler
 .text.__CART_handler
                0x8001a980      0x100 D:/libdragon-toolchain/bin/../lib/gcc/mips64-elf/14.2.0/../../../../mips64-elf/lib\libdragon.a(interrupt.o)
                0x8001a980                __CART_handler
 .text.__RESET_handler
                0x8001aa80       0x60 D:/libdragon-toolchain/bin/../lib/gcc/mips64-elf/14.2.0/../../../../mips64-elf/lib\libdragon.a(interrupt.o)
                0x8001aa80                __RESET_handler
 .text.register_AI_handler
                0x8001aae0       0x60 D:/libdragon-toolchain/bin/../lib/gcc/mips64-elf/14.2.0/../../../../mips64-elf/lib\libdragon.a(interrupt.o)
                0x8001aae0                register_AI_handler
 .text.register_VI_handler
                0x8001ab40       0x60 D:/libdragon-toolchain/bin/../lib/gcc/mips64-elf/14.2.0/../../../../mips64-elf/lib\libdragon.a(interrupt.o)
                0x8001ab40                register_VI_handler
 .text.unregister_VI_handler
                0x8001aba0       0x60 D:/libdragon-toolchain/bin/../lib/gcc/mips64-elf/14.2.0/../../../../mips64-elf/lib\libdragon.a(interrupt.o)
                0x8001aba0                unregister_VI_handler
 .text.register_DP_handler
                0x8001ac00       0x60 D:/libdragon-toolchain/bin/../lib/gcc/mips64-elf/14.2.0/../../../../mips64-elf/lib\libdragon.a(interrupt.o)
                0x8001ac00                register_DP_handler
 .text.register_SI_handler
                0x8001ac60       0x60 D:/libdragon-toolchain/bin/../lib/gcc/mips64-elf/14.2.0/../../../../mips64-elf/lib\libdragon.a(interrupt.o)
                0x8001ac60                register_SI_handler
 .text.register_SP_handler
                0x8001acc0       0x60 D:/libdragon-toolchain/bin/../lib/gcc/mips64-elf/14.2.0/../../../../mips64-elf/lib\libdragon.a(interrupt.o)
                0x8001acc0                register_SP_handler
 .text.register_TI_handler
                0x8001ad20       0x60 D:/libdragon-toolchain/bin/../lib/gcc/mips64-elf/14.2.0/../../../../mips64-elf/lib\libdragon.a(interrupt.o)
                0x8001ad20                register_TI_handler
 .text.set_AI_interrupt
                0x8001ad80       0x20 D:/libdragon-toolchain/bin/../lib/gcc/mips64-elf/14.2.0/../../../../mips64-elf/lib\libdragon.a(interrupt.o)
                0x8001ad80                set_AI_interrupt
 .text.set_VI_interrupt
                0x8001ada0       0x40 D:/libdragon-toolchain/bin/../lib/gcc/mips64-elf/14.2.0/../../../../mips64-elf/lib\libdragon.a(interrupt.o)
                0x8001ada0                set_VI_interrupt
 .text.set_DP_interrupt
                0x8001ade0       0x20 D:/libdragon-toolchain/bin/../lib/gcc/mips64-elf/14.2.0/../../../../mips64-elf/lib\libdragon.a(interrupt.o)
                0x8001ade0                set_DP_interrupt
 .text.set_SI_interrupt
                0x8001ae00       0x20 D:/libdragon-toolchain/bin/../lib/gcc/mips64-elf/14.2.0/../../../../mips64-elf/lib\libdragon.a(interrupt.o)
                0x8001ae00                set_SI_interrupt
 .text.set_SP_interrupt
                0x8001ae20       0x20 D:/libdragon-toolchain/bin/../lib/gcc/mips64-elf/14.2.0/../../../../mips64-elf/lib\libdragon.a(interrupt.o)
                0x8001ae20                set_SP_interrupt
 .text.set_TI_interrupt
                0x8001ae40       0x40 D:/libdragon-toolchain/bin/../lib/gcc/mips64-elf/14.2.0/../../../../mips64-elf/lib\libdragon.a(interrupt.o)
                0x8001ae40                set_TI_interrupt
 .text.startup.__init_interrupts
                0x8001ae80       0x60 D:/libdragon-toolchain/bin/../lib/gcc/mips64-elf/14.2.0/../../../../mips64-elf/lib\libdragon.a(interrupt.o)
                0x8001ae80                __init_interrupts
 .text.disable_interrupts
                0x8001aee0       0x40 D:/libdragon-toolchain/bin/../lib/gcc/mips64-elf/14.2.0/../../../../mips64-elf/lib\libdragon.a(interrupt.o)
                0x8001aee0                disable_interrupts
 .text.enable_interrupts
                0x8001af20       0x80 D:/libdragon-toolchain/bin/../lib/gcc/mips64-elf/14.2.0/../../../../mips64-elf/lib\libdragon.a(interrupt.o)
                0x8001af20                enable_interrupts
 .text.get_interrupts_state
                0x8001afa0       0x20 D:/libdragon-toolchain/bin/../lib/gcc/mips64-elf/14.2.0/../../../../mips64-elf/lib\libdragon.a(interrupt.o)
                0x8001afa0                get_interrupts_state
 .text.exception_reset_time
                0x8001afc0       0x20 D:/libdragon-toolchain/bin/../lib/gcc/mips64-elf/14.2.0/../../../../mips64-elf/lib\libdragon.a(interrupt.o)
                0x8001afc0                exception_reset_time
 .text.sinf_approx
                0x8001afe0      0x120 D:/libdragon-toolchain/bin/../lib/gcc/mips64-elf/14.2.0/../../../../mips64-elf/lib\libdragon.a(fmath.o)
 .text.fm_sinf  0x8001b100       0x80 D:/libdragon-toolchain/bin/../lib/gcc/mips64-elf/14.2.0/../../../../mips64-elf/lib\libdragon.a(fmath.o)
                0x8001b100                fm_sinf
 .text.fm_cosf  0x8001b180       0xa0 D:/libdragon-toolchain/bin/../lib/gcc/mips64-elf/14.2.0/../../../../mips64-elf/lib\libdragon.a(fmath.o)
                0x8001b180                fm_cosf
 .text.fm_sincosf
                0x8001b220       0xc0 D:/libdragon-toolchain/bin/../lib/gcc/mips64-elf/14.2.0/../../../../mips64-elf/lib\libdragon.a(fmath.o)
                0x8001b220                fm_sincosf
 .text.__stderr_write
                0x8001b2e0       0x80 D:/libdragon-toolchain/bin/../lib/gcc/mips64-elf/14.2.0/../../../../mips64-elf/lib\libdragon.a(debug.o)
 .text.usblog_write
                0x8001b360       0x20 D:/libdragon-toolchain/bin/../lib/gcc/mips64-elf/14.2.0/../../../../mips64-elf/lib\libdragon.a(debug.o)
 .text.isviewer_write
                0x8001b380       0xe0 D:/libdragon-toolchain/bin/../lib/gcc/mips64-elf/14.2.0/../../../../mips64-elf/lib\libdragon.a(debug.o)
 .text.cb.0     0x8001b460       0xa0 D:/libdragon-toolchain/bin/../lib/gcc/mips64-elf/14.2.0/../../../../mips64-elf/lib\libdragon.a(debug.o)
 .text.debug_init_usblog
                0x8001b500       0xe0 D:/libdragon-toolchain/bin/../lib/gcc/mips64-elf/14.2.0/../../../../mips64-elf/lib\libdragon.a(debug.o)
                0x8001b500                debug_init_usblog
 .text.debug_init_isviewer
                0x8001b5e0       0xe0 D:/libdragon-toolchain/bin/../lib/gcc/mips64-elf/14.2.0/../../../../mips64-elf/lib\libdragon.a(debug.o)
                0x8001b5e0                debug_init_isviewer
 .text.debug_assert_func_f
                0x8001b6c0       0xe0 D:/libdragon-toolchain/bin/../lib/gcc/mips64-elf/14.2.0/../../../../mips64-elf/lib\libdragon.a(debug.o)
                0x8001b6c0                debug_assert_func_f
 .text.debug_assert_func
                0x8001b7a0       0x20 D:/libdragon-toolchain/bin/../lib/gcc/mips64-elf/14.2.0/../../../../mips64-elf/lib\libdragon.a(debug.o)
                0x8001b7a0                debug_assert_func
 .text.debug_hexdump
                0x8001b7c0      0x280 D:/libdragon-toolchain/bin/../lib/gcc/mips64-elf/14.2.0/../../../../mips64-elf/lib\libdragon.a(debug.o)
                0x8001b7c0                debug_hexdump
 .text.__debug_backtrace
                0x8001ba40      0x120 D:/libdragon-toolchain/bin/../lib/gcc/mips64-elf/14.2.0/../../../../mips64-elf/lib\libdragon.a(debug.o)
                0x8001ba40                __debug_backtrace
 .text.debug_backtrace
                0x8001bb60       0x20 D:/libdragon-toolchain/bin/../lib/gcc/mips64-elf/14.2.0/../../../../mips64-elf/lib\libdragon.a(debug.o)
                0x8001bb60                debug_backtrace
 .text.usb_64drive_read
                0x8001bb80       0x60 D:/libdragon-toolchain/bin/../lib/gcc/mips64-elf/14.2.0/../../../../mips64-elf/lib\libdragon.a(usb.o)
 .text.usb_64drive_poll
                0x8001bbe0      0x1a0 D:/libdragon-toolchain/bin/../lib/gcc/mips64-elf/14.2.0/../../../../mips64-elf/lib\libdragon.a(usb.o)
 .text.usb_everdrive_usbbusy
                0x8001bd80       0xe0 D:/libdragon-toolchain/bin/../lib/gcc/mips64-elf/14.2.0/../../../../mips64-elf/lib\libdragon.a(usb.o)
 .text.usb_everdrive_readusb
                0x8001be60       0xc0 D:/libdragon-toolchain/bin/../lib/gcc/mips64-elf/14.2.0/../../../../mips64-elf/lib\libdragon.a(usb.o)
 .text.usb_everdrive_poll
                0x8001bf20      0x220 D:/libdragon-toolchain/bin/../lib/gcc/mips64-elf/14.2.0/../../../../mips64-elf/lib\libdragon.a(usb.o)
 .text.usb_everdrive_write
                0x8001c140      0x1c0 D:/libdragon-toolchain/bin/../lib/gcc/mips64-elf/14.2.0/../../../../mips64-elf/lib\libdragon.a(usb.o)
 .text.usb_everdrive_read
                0x8001c300       0x60 D:/libdragon-toolchain/bin/../lib/gcc/mips64-elf/14.2.0/../../../../mips64-elf/lib\libdragon.a(usb.o)
 .text.usb_sc64_read
                0x8001c360       0x60 D:/libdragon-toolchain/bin/../lib/gcc/mips64-elf/14.2.0/../../../../mips64-elf/lib\libdragon.a(usb.o)
 .text.usb_sc64_poll
                0x8001c3c0      0x160 D:/libdragon-toolchain/bin/../lib/gcc/mips64-elf/14.2.0/../../../../mips64-elf/lib\libdragon.a(usb.o)
 .text.usb_write
                0x8001c520       0x40 D:/libdragon-toolchain/bin/../lib/gcc/mips64-elf/14.2.0/../../../../mips64-elf/lib\libdragon.a(usb.o)
                0x8001c520                usb_write
 .text.usb_sendheartbeat
                0x8001c560       0x60 D:/libdragon-toolchain/bin/../lib/gcc/mips64-elf/14.2.0/../../../../mips64-elf/lib\libdragon.a(usb.o)
                0x8001c560                usb_sendheartbeat
 .text.usb_initialize
                0x8001c5c0      0x1e0 D:/libdragon-toolchain/bin/../lib/gcc/mips64-elf/14.2.0/../../../../mips64-elf/lib\libdragon.a(usb.o)
                0x8001c5c0                usb_initialize
 .text.usb_64drive_wait
                0x8001c7a0       0xc0 D:/libdragon-toolchain/bin/../lib/gcc/mips64-elf/14.2.0/../../../../mips64-elf/lib\libdragon.a(usb.o)
                0x8001c7a0                usb_64drive_wait
 .text.usb_64drive_write
                0x8001c860      0x240 D:/libdragon-toolchain/bin/../lib/gcc/mips64-elf/14.2.0/../../../../mips64-elf/lib\libdragon.a(usb.o)
 .text.usb_sc64_execute_cmd
                0x8001caa0       0xc0 D:/libdragon-toolchain/bin/../lib/gcc/mips64-elf/14.2.0/../../../../mips64-elf/lib\libdragon.a(usb.o)
                0x8001caa0                usb_sc64_execute_cmd
 .text.usb_sc64_write
                0x8001cb60      0x2c0 D:/libdragon-toolchain/bin/../lib/gcc/mips64-elf/14.2.0/../../../../mips64-elf/lib\libdragon.a(usb.o)
 .text.get_next_token
                0x8001ce20       0xc0 D:/libdragon-toolchain/bin/../lib/gcc/mips64-elf/14.2.0/../../../../mips64-elf/lib\libdragon.a(dragonfs.o)
 .text.__fstat  0x8001cee0       0x40 D:/libdragon-toolchain/bin/../lib/gcc/mips64-elf/14.2.0/../../../../mips64-elf/lib\libdragon.a(dragonfs.o)
 .text.lookup_file
                0x8001cf20      0x260 D:/libdragon-toolchain/bin/../lib/gcc/mips64-elf/14.2.0/../../../../mips64-elf/lib\libdragon.a(dragonfs.o)
 .text.__close  0x8001d180       0x40 D:/libdragon-toolchain/bin/../lib/gcc/mips64-elf/14.2.0/../../../../mips64-elf/lib\libdragon.a(dragonfs.o)
 .text.__ioctl  0x8001d1c0       0x60 D:/libdragon-toolchain/bin/../lib/gcc/mips64-elf/14.2.0/../../../../mips64-elf/lib\libdragon.a(dragonfs.o)
 .text.recurse_path
                0x8001d220      0x3e0 D:/libdragon-toolchain/bin/../lib/gcc/mips64-elf/14.2.0/../../../../mips64-elf/lib\libdragon.a(dragonfs.o)
 .text.__findnext
                0x8001d600      0x100 D:/libdragon-toolchain/bin/../lib/gcc/mips64-elf/14.2.0/../../../../mips64-elf/lib\libdragon.a(dragonfs.o)
 .text.__dfs_findfirst
                0x8001d700       0xe0 D:/libdragon-toolchain/bin/../lib/gcc/mips64-elf/14.2.0/../../../../mips64-elf/lib\libdragon.a(dragonfs.o)
 .text.__findfirst
                0x8001d7e0       0x60 D:/libdragon-toolchain/bin/../lib/gcc/mips64-elf/14.2.0/../../../../mips64-elf/lib\libdragon.a(dragonfs.o)
 .text.__lseek  0x8001d840       0xa0 D:/libdragon-toolchain/bin/../lib/gcc/mips64-elf/14.2.0/../../../../mips64-elf/lib\libdragon.a(dragonfs.o)
 .text.dfs_open
                0x8001d8e0      0x1a0 D:/libdragon-toolchain/bin/../lib/gcc/mips64-elf/14.2.0/../../../../mips64-elf/lib\libdragon.a(dragonfs.o)
                0x8001d8e0                dfs_open
 .text.__open   0x8001da80       0xc0 D:/libdragon-toolchain/bin/../lib/gcc/mips64-elf/14.2.0/../../../../mips64-elf/lib\libdragon.a(dragonfs.o)
 .text.dfs_read
                0x8001db40      0x1c0 D:/libdragon-toolchain/bin/../lib/gcc/mips64-elf/14.2.0/../../../../mips64-elf/lib\libdragon.a(dragonfs.o)
                0x8001db40                dfs_read
 .text.__read   0x8001dd00       0x20 D:/libdragon-toolchain/bin/../lib/gcc/mips64-elf/14.2.0/../../../../mips64-elf/lib\libdragon.a(dragonfs.o)
 .text.dfs_init
                0x8001dd20      0x220 D:/libdragon-toolchain/bin/../lib/gcc/mips64-elf/14.2.0/../../../../mips64-elf/lib\libdragon.a(dragonfs.o)
                0x8001dd20                dfs_init
 .text.audio_callback.part.0
                0x8001df40      0x1e0 D:/libdragon-toolchain/bin/../lib/gcc/mips64-elf/14.2.0/../../../../mips64-elf/lib\libdragon.a(audio.o)
 .text.audio_callback
                0x8001e120       0x60 D:/libdragon-toolchain/bin/../lib/gcc/mips64-elf/14.2.0/../../../../mips64-elf/lib\libdragon.a(audio.o)
 .text.audio_init
                0x8001e180      0x200 D:/libdragon-toolchain/bin/../lib/gcc/mips64-elf/14.2.0/../../../../mips64-elf/lib\libdragon.a(audio.o)
                0x8001e180                audio_init
 .text.audio_write_begin
                0x8001e380      0x100 D:/libdragon-toolchain/bin/../lib/gcc/mips64-elf/14.2.0/../../../../mips64-elf/lib\libdragon.a(audio.o)
                0x8001e380                audio_write_begin
 .text.audio_write_end
                0x8001e480       0x80 D:/libdragon-toolchain/bin/../lib/gcc/mips64-elf/14.2.0/../../../../mips64-elf/lib\libdragon.a(audio.o)
                0x8001e480                audio_write_end
 .text.audio_can_write
                0x8001e500       0x40 D:/libdragon-toolchain/bin/../lib/gcc/mips64-elf/14.2.0/../../../../mips64-elf/lib\libdragon.a(audio.o)
                0x8001e500                audio_can_write
 .text.audio_get_frequency
                0x8001e540       0x20 D:/libdragon-toolchain/bin/../lib/gcc/mips64-elf/14.2.0/../../../../mips64-elf/lib\libdragon.a(audio.o)
                0x8001e540                audio_get_frequency
 .text.audio_get_buffer_length
                0x8001e560       0x20 D:/libdragon-toolchain/bin/../lib/gcc/mips64-elf/14.2.0/../../../../mips64-elf/lib\libdragon.a(audio.o)
                0x8001e560                audio_get_buffer_length
 .text.display_show.part.0
                0x8001e580      0x140 D:/libdragon-toolchain/bin/../lib/gcc/mips64-elf/14.2.0/../../../../mips64-elf/lib\libdragon.a(display.o)
 .text.__display_callback
                0x8001e6c0      0x3a0 D:/libdragon-toolchain/bin/../lib/gcc/mips64-elf/14.2.0/../../../../mips64-elf/lib\libdragon.a(display.o)
 .text.display_init
                0x8001ea60      0x940 D:/libdragon-toolchain/bin/../lib/gcc/mips64-elf/14.2.0/../../../../mips64-elf/lib\libdragon.a(display.o)
                0x8001ea60                display_init
 .text.display_close
                0x8001f3a0      0x140 D:/libdragon-toolchain/bin/../lib/gcc/mips64-elf/14.2.0/../../../../mips64-elf/lib\libdragon.a(display.o)
                0x8001f3a0                display_close
 .text.display_try_get
                0x8001f4e0       0xc0 D:/libdragon-toolchain/bin/../lib/gcc/mips64-elf/14.2.0/../../../../mips64-elf/lib\libdragon.a(display.o)
                0x8001f4e0                display_try_get
 .text.display_get
                0x8001f5a0      0x100 D:/libdragon-toolchain/bin/../lib/gcc/mips64-elf/14.2.0/../../../../mips64-elf/lib\libdragon.a(display.o)
                0x8001f5a0                display_get
 .text.display_get_zbuf
                0x8001f6a0      0x140 D:/libdragon-toolchain/bin/../lib/gcc/mips64-elf/14.2.0/../../../../mips64-elf/lib\libdragon.a(display.o)
                0x8001f6a0                display_get_zbuf
 .text.display_show
                0x8001f7e0       0x20 D:/libdragon-toolchain/bin/../lib/gcc/mips64-elf/14.2.0/../../../../mips64-elf/lib\libdragon.a(display.o)
                0x8001f7e0                display_show
 .text.display_show_force
                0x8001f800       0x40 D:/libdragon-toolchain/bin/../lib/gcc/mips64-elf/14.2.0/../../../../mips64-elf/lib\libdragon.a(display.o)
                0x8001f800                display_show_force
 .text.display_get_width
                0x8001f840       0x20 D:/libdragon-toolchain/bin/../lib/gcc/mips64-elf/14.2.0/../../../../mips64-elf/lib\libdragon.a(display.o)
                0x8001f840                display_get_width
 .text.display_get_height
                0x8001f860       0x20 D:/libdragon-toolchain/bin/../lib/gcc/mips64-elf/14.2.0/../../../../mips64-elf/lib\libdragon.a(display.o)
                0x8001f860                display_get_height
 .text.display_get_bitdepth
                0x8001f880       0x20 D:/libdragon-toolchain/bin/../lib/gcc/mips64-elf/14.2.0/../../../../mips64-elf/lib\libdragon.a(display.o)
                0x8001f880                display_get_bitdepth
 .text.tex_format_name
                0x8001f8a0       0x40 D:/libdragon-toolchain/bin/../lib/gcc/mips64-elf/14.2.0/../../../../mips64-elf/lib\libdragon.a(surface.o)
                0x8001f8a0                tex_format_name
 .text.surface_alloc
                0x8001f8e0       0xe0 D:/libdragon-toolchain/bin/../lib/gcc/mips64-elf/14.2.0/../../../../mips64-elf/lib\libdragon.a(surface.o)
                0x8001f8e0                surface_alloc
 .text.surface_free
                0x8001f9c0       0x80 D:/libdragon-toolchain/bin/../lib/gcc/mips64-elf/14.2.0/../../../../mips64-elf/lib\libdragon.a(surface.o)
                0x8001f9c0                surface_free
 .text.seekfn_cmp
                0x8001fa40       0xa0 D:/libdragon-toolchain/bin/../lib/gcc/mips64-elf/14.2.0/../../../../mips64-elf/lib\libdragon.a(asset.o)
 .text.closefn_none
                0x8001fae0       0x40 D:/libdragon-toolchain/bin/../lib/gcc/mips64-elf/14.2.0/../../../../mips64-elf/lib\libdragon.a(asset.o)
 .text.closefn_cmp
                0x8001fb20       0x40 D:/libdragon-toolchain/bin/../lib/gcc/mips64-elf/14.2.0/../../../../mips64-elf/lib\libdragon.a(asset.o)
 .text.readfn_cmp
                0x8001fb60       0x80 D:/libdragon-toolchain/bin/../lib/gcc/mips64-elf/14.2.0/../../../../mips64-elf/lib\libdragon.a(asset.o)
 .text.seekfn_none
                0x8001fbe0       0x80 D:/libdragon-toolchain/bin/../lib/gcc/mips64-elf/14.2.0/../../../../mips64-elf/lib\libdragon.a(asset.o)
 .text.readfn_none
                0x8001fc60       0x60 D:/libdragon-toolchain/bin/../lib/gcc/mips64-elf/14.2.0/../../../../mips64-elf/lib\libdragon.a(asset.o)
 .text.must_open.part.0
                0x8001fcc0      0x100 D:/libdragon-toolchain/bin/../lib/gcc/mips64-elf/14.2.0/../../../../mips64-elf/lib\libdragon.a(asset.o)
 .text.asset_read
                0x8001fdc0      0x420 D:/libdragon-toolchain/bin/../lib/gcc/mips64-elf/14.2.0/../../../../mips64-elf/lib\libdragon.a(asset.o)
 .text.asset_read_header
                0x800201e0      0x1e0 D:/libdragon-toolchain/bin/../lib/gcc/mips64-elf/14.2.0/../../../../mips64-elf/lib\libdragon.a(asset.o)
 .text.__asset_init_compression_lvl2
                0x800203c0       0x60 D:/libdragon-toolchain/bin/../lib/gcc/mips64-elf/14.2.0/../../../../mips64-elf/lib\libdragon.a(asset.o)
                0x800203c0                __asset_init_compression_lvl2
 .text.must_open
                0x80020420       0x40 D:/libdragon-toolchain/bin/../lib/gcc/mips64-elf/14.2.0/../../../../mips64-elf/lib\libdragon.a(asset.o)
                0x80020420                must_open
 .text.asset_load
                0x80020460      0x140 D:/libdragon-toolchain/bin/../lib/gcc/mips64-elf/14.2.0/../../../../mips64-elf/lib\libdragon.a(asset.o)
                0x80020460                asset_load
 .text.asset_fopen
                0x800205a0      0x2e0 D:/libdragon-toolchain/bin/../lib/gcc/mips64-elf/14.2.0/../../../../mips64-elf/lib\libdragon.a(asset.o)
                0x800205a0                asset_fopen
 .text.decompress_lz4_full_inplace
                0x80020880       0x20 D:/libdragon-toolchain/bin/../lib/gcc/mips64-elf/14.2.0/../../../../mips64-elf/lib\libdragon.a(lz4_dec.o)
                0x80020880                decompress_lz4_full_inplace
 .text.decompress_lz4_init
                0x800208a0       0x60 D:/libdragon-toolchain/bin/../lib/gcc/mips64-elf/14.2.0/../../../../mips64-elf/lib\libdragon.a(lz4_dec.o)
                0x800208a0                decompress_lz4_init
 .text.decompress_lz4_reset
                0x80020900       0x40 D:/libdragon-toolchain/bin/../lib/gcc/mips64-elf/14.2.0/../../../../mips64-elf/lib\libdragon.a(lz4_dec.o)
                0x80020900                decompress_lz4_reset
 .text.decompress_lz4_read
                0x80020940      0x400 D:/libdragon-toolchain/bin/../lib/gcc/mips64-elf/14.2.0/../../../../mips64-elf/lib\libdragon.a(lz4_dec.o)
                0x80020940                decompress_lz4_read
 .text.decompress_lz4_full_fast
                0x80020d40      0x1c0 D:/libdragon-toolchain/bin/../lib/gcc/mips64-elf/14.2.0/../../../../mips64-elf/lib\libdragon.a(lz4_dec_fast.o)
                0x80020d40                decompress_lz4_full_fast
 .text.__ringbuf_init
                0x80020f00       0x80 D:/libdragon-toolchain/bin/../lib/gcc/mips64-elf/14.2.0/../../../../mips64-elf/lib\libdragon.a(ringbuf.o)
                0x80020f00                __ringbuf_init
 .text.__ringbuf_write
                0x80020f80       0xc0 D:/libdragon-toolchain/bin/../lib/gcc/mips64-elf/14.2.0/../../../../mips64-elf/lib\libdragon.a(ringbuf.o)
                0x80020f80                __ringbuf_write
 .text.__ringbuf_copy
                0x80021040      0x1a0 D:/libdragon-toolchain/bin/../lib/gcc/mips64-elf/14.2.0/../../../../mips64-elf/lib\libdragon.a(ringbuf.o)
                0x80021040                __ringbuf_copy
 .text.refill   0x800211e0      0x100 D:/libdragon-toolchain/bin/../lib/gcc/mips64-elf/14.2.0/../../../../mips64-elf/lib\libdragon.a(aplib_dec.o)
 .text.decompress_reset.part.0.constprop.0
                0x800212e0       0xa0 D:/libdragon-toolchain/bin/../lib/gcc/mips64-elf/14.2.0/../../../../mips64-elf/lib\libdragon.a(aplib_dec.o)
 .text.decompress_aplib_partial.part.0
                0x80021380      0x940 D:/libdragon-toolchain/bin/../lib/gcc/mips64-elf/14.2.0/../../../../mips64-elf/lib\libdragon.a(aplib_dec.o)
 .text.decompress_aplib_init
                0x80021cc0       0x60 D:/libdragon-toolchain/bin/../lib/gcc/mips64-elf/14.2.0/../../../../mips64-elf/lib\libdragon.a(aplib_dec.o)
                0x80021cc0                decompress_aplib_init
 .text.decompress_aplib_reset
                0x80021d20       0x40 D:/libdragon-toolchain/bin/../lib/gcc/mips64-elf/14.2.0/../../../../mips64-elf/lib\libdragon.a(aplib_dec.o)
                0x80021d20                decompress_aplib_reset
 .text.decompress_aplib_read
                0x80021d60       0x40 D:/libdragon-toolchain/bin/../lib/gcc/mips64-elf/14.2.0/../../../../mips64-elf/lib\libdragon.a(aplib_dec.o)
                0x80021d60                decompress_aplib_read
 .text.decompress_aplib_full_inplace
                0x80021da0       0x20 D:/libdragon-toolchain/bin/../lib/gcc/mips64-elf/14.2.0/../../../../mips64-elf/lib\libdragon.a(aplib_dec.o)
                0x80021da0                decompress_aplib_full_inplace
 .text.joypad_gcn_origin_callback
                0x80021dc0       0xe0 D:/libdragon-toolchain/bin/../lib/gcc/mips64-elf/14.2.0/../../../../mips64-elf/lib\libdragon.a(joypad.o)
 .text.joypad_read_callback
                0x80021ea0       0x60 D:/libdragon-toolchain/bin/../lib/gcc/mips64-elf/14.2.0/../../../../mips64-elf/lib\libdragon.a(joypad.o)
 .text.joypad_device_changed
                0x80021f00      0x120 D:/libdragon-toolchain/bin/../lib/gcc/mips64-elf/14.2.0/../../../../mips64-elf/lib\libdragon.a(joypad.o)
 .text.joypad_identify_callback
                0x80022020      0x280 D:/libdragon-toolchain/bin/../lib/gcc/mips64-elf/14.2.0/../../../../mips64-elf/lib\libdragon.a(joypad.o)
 .text.joypad_read_async.part.0
                0x800222a0      0x240 D:/libdragon-toolchain/bin/../lib/gcc/mips64-elf/14.2.0/../../../../mips64-elf/lib\libdragon.a(joypad.o)
 .text.joypad_identify_async.part.0
                0x800224e0      0x140 D:/libdragon-toolchain/bin/../lib/gcc/mips64-elf/14.2.0/../../../../mips64-elf/lib\libdragon.a(joypad.o)
 .text.joypad_vi_interrupt_callback
                0x80022620       0x80 D:/libdragon-toolchain/bin/../lib/gcc/mips64-elf/14.2.0/../../../../mips64-elf/lib\libdragon.a(joypad.o)
 .text.joypad_read_n64_inputs
                0x800226a0      0x260 D:/libdragon-toolchain/bin/../lib/gcc/mips64-elf/14.2.0/../../../../mips64-elf/lib\libdragon.a(joypad.o)
                0x800226a0                joypad_read_n64_inputs
 .text.joypad_poll
                0x80022900      0x5a0 D:/libdragon-toolchain/bin/../lib/gcc/mips64-elf/14.2.0/../../../../mips64-elf/lib\libdragon.a(joypad.o)
                0x80022900                joypad_poll
 .text.joypad_init
                0x80022ea0      0x160 D:/libdragon-toolchain/bin/../lib/gcc/mips64-elf/14.2.0/../../../../mips64-elf/lib\libdragon.a(joypad.o)
                0x80022ea0                joypad_init
 .text.joypad_get_buttons_pressed
                0x80023000       0xa0 D:/libdragon-toolchain/bin/../lib/gcc/mips64-elf/14.2.0/../../../../mips64-elf/lib\libdragon.a(joypad.o)
                0x80023000                joypad_get_buttons_pressed
 .text.joypad_transfer_pak_wait_timer_callback
                0x800230a0       0xe0 D:/libdragon-toolchain/bin/../lib/gcc/mips64-elf/14.2.0/../../../../mips64-elf/lib\libdragon.a(joypad_accessory.o)
 .text.joypad_accessory_check_read_crc_error
                0x80023180      0x1a0 D:/libdragon-toolchain/bin/../lib/gcc/mips64-elf/14.2.0/../../../../mips64-elf/lib\libdragon.a(joypad_accessory.o)
 .text.joypad_transfer_pak_enable_read_callback
                0x80023320       0xc0 D:/libdragon-toolchain/bin/../lib/gcc/mips64-elf/14.2.0/../../../../mips64-elf/lib\libdragon.a(joypad_accessory.o)
 .text.joypad_accessory_write_crc_error_check
                0x800233e0      0x1c0 D:/libdragon-toolchain/bin/../lib/gcc/mips64-elf/14.2.0/../../../../mips64-elf/lib\libdragon.a(joypad_accessory.o)
 .text.joypad_accessory_detect_write_callback
                0x800235a0      0x2a0 D:/libdragon-toolchain/bin/../lib/gcc/mips64-elf/14.2.0/../../../../mips64-elf/lib\libdragon.a(joypad_accessory.o)
 .text.joypad_transfer_pak_enable_write_callback
                0x80023840      0x180 D:/libdragon-toolchain/bin/../lib/gcc/mips64-elf/14.2.0/../../../../mips64-elf/lib\libdragon.a(joypad_accessory.o)
 .text.joypad_accessory_detect_read_callback
                0x800239c0      0x300 D:/libdragon-toolchain/bin/../lib/gcc/mips64-elf/14.2.0/../../../../mips64-elf/lib\libdragon.a(joypad_accessory.o)
 .text.joypad_transfer_pak_wait_timer_init
                0x80023cc0       0xe0 D:/libdragon-toolchain/bin/../lib/gcc/mips64-elf/14.2.0/../../../../mips64-elf/lib\libdragon.a(joypad_accessory.o)
                0x80023cc0                joypad_transfer_pak_wait_timer_init
 .text.joypad_accessory_detect_async
                0x80023da0      0x120 D:/libdragon-toolchain/bin/../lib/gcc/mips64-elf/14.2.0/../../../../mips64-elf/lib\libdragon.a(joypad_accessory.o)
                0x80023da0                joypad_accessory_detect_async
 .text.rsp_load_code
                0x80023ec0      0x100 D:/libdragon-toolchain/bin/../lib/gcc/mips64-elf/14.2.0/../../../../mips64-elf/lib\libdragon.a(rsp.o)
                0x80023ec0                rsp_load_code
 .text.rsp_load_data
                0x80023fc0       0xe0 D:/libdragon-toolchain/bin/../lib/gcc/mips64-elf/14.2.0/../../../../mips64-elf/lib\libdragon.a(rsp.o)
                0x80023fc0                rsp_load_data
 .text.rsp_load
                0x800240a0       0x60 D:/libdragon-toolchain/bin/../lib/gcc/mips64-elf/14.2.0/../../../../mips64-elf/lib\libdragon.a(rsp.o)
                0x800240a0                rsp_load
 .text.rsp_read_code
                0x80024100       0xe0 D:/libdragon-toolchain/bin/../lib/gcc/mips64-elf/14.2.0/../../../../mips64-elf/lib\libdragon.a(rsp.o)
                0x80024100                rsp_read_code
 .text.rsp_read_data
                0x800241e0       0xe0 D:/libdragon-toolchain/bin/../lib/gcc/mips64-elf/14.2.0/../../../../mips64-elf/lib\libdragon.a(rsp.o)
                0x800241e0                rsp_read_data
 .text.__rsp_run_async
                0x800242c0       0x40 D:/libdragon-toolchain/bin/../lib/gcc/mips64-elf/14.2.0/../../../../mips64-elf/lib\libdragon.a(rsp.o)
                0x800242c0                __rsp_run_async
 .text.__rsp_crash
                0x80024300      0xc40 D:/libdragon-toolchain/bin/../lib/gcc/mips64-elf/14.2.0/../../../../mips64-elf/lib\libdragon.a(rsp.o)
                0x80024300                __rsp_crash
 .text.__rsp_check_assert
                0x80024f40       0x80 D:/libdragon-toolchain/bin/../lib/gcc/mips64-elf/14.2.0/../../../../mips64-elf/lib\libdragon.a(rsp.o)
                0x80024f40                __rsp_check_assert
 .text.rsp_wait
                0x80024fc0      0x100 D:/libdragon-toolchain/bin/../lib/gcc/mips64-elf/14.2.0/../../../../mips64-elf/lib\libdragon.a(rsp.o)
                0x80024fc0                rsp_wait
 .text.rsp_run  0x800250c0       0x60 D:/libdragon-toolchain/bin/../lib/gcc/mips64-elf/14.2.0/../../../../mips64-elf/lib\libdragon.a(rsp.o)
                0x800250c0                rsp_run
 .text.cb.2     0x80025120       0x60 D:/libdragon-toolchain/bin/../lib/gcc/mips64-elf/14.2.0/../../../../mips64-elf/lib\libdragon.a(inspector.o)
 .text.cb.1     0x80025180       0x60 D:/libdragon-toolchain/bin/../lib/gcc/mips64-elf/14.2.0/../../../../mips64-elf/lib\libdragon.a(inspector.o)
 .text.inspector_print_backtrace
                0x800251e0      0x180 D:/libdragon-toolchain/bin/../lib/gcc/mips64-elf/14.2.0/../../../../mips64-elf/lib\libdragon.a(inspector.o)
 .text.cb.0     0x80025360      0x120 D:/libdragon-toolchain/bin/../lib/gcc/mips64-elf/14.2.0/../../../../mips64-elf/lib\libdragon.a(inspector.o)
 .text.cb.3     0x80025480      0x120 D:/libdragon-toolchain/bin/../lib/gcc/mips64-elf/14.2.0/../../../../mips64-elf/lib\libdragon.a(inspector.o)
 .text.inspector_stdout
                0x800255a0      0x300 D:/libdragon-toolchain/bin/../lib/gcc/mips64-elf/14.2.0/../../../../mips64-elf/lib\libdragon.a(inspector.o)
 .text.title    0x800258a0       0xa0 D:/libdragon-toolchain/bin/../lib/gcc/mips64-elf/14.2.0/../../../../mips64-elf/lib\libdragon.a(inspector.o)
 .text.mips_disasm
                0x80025940      0x6e0 D:/libdragon-toolchain/bin/../lib/gcc/mips64-elf/14.2.0/../../../../mips64-elf/lib\libdragon.a(inspector.o)
 .text.inspector
                0x80026020     0x10a0 D:/libdragon-toolchain/bin/../lib/gcc/mips64-elf/14.2.0/../../../../mips64-elf/lib\libdragon.a(inspector.o)
 .text.handler.4
                0x800270c0       0x40 D:/libdragon-toolchain/bin/../lib/gcc/mips64-elf/14.2.0/../../../../mips64-elf/lib\libdragon.a(inspector.o)
 .text.__inspector_exception
                0x80027100       0x20 D:/libdragon-toolchain/bin/../lib/gcc/mips64-elf/14.2.0/../../../../mips64-elf/lib\libdragon.a(inspector.o)
                0x80027100                __inspector_exception
 .text.__inspector_assertion
                0x80027120       0x20 D:/libdragon-toolchain/bin/../lib/gcc/mips64-elf/14.2.0/../../../../mips64-elf/lib\libdragon.a(inspector.o)
                0x80027120                __inspector_assertion
 .text.startup.__inspector_init
                0x80027140       0x20 D:/libdragon-toolchain/bin/../lib/gcc/mips64-elf/14.2.0/../../../../mips64-elf/lib\libdragon.a(inspector.o)
                0x80027140                __inspector_init
 .text.__sprite_upgrade.part.0
                0x80027160       0x40 D:/libdragon-toolchain/bin/../lib/gcc/mips64-elf/14.2.0/../../../../mips64-elf/lib\libdragon.a(sprite.o)
 .text.sprite_load_buf.part.0
                0x800271a0       0x40 D:/libdragon-toolchain/bin/../lib/gcc/mips64-elf/14.2.0/../../../../mips64-elf/lib\libdragon.a(sprite.o)
 .text.__sprite_ext
                0x800271e0       0xa0 D:/libdragon-toolchain/bin/../lib/gcc/mips64-elf/14.2.0/../../../../mips64-elf/lib\libdragon.a(sprite.o)
                0x800271e0                __sprite_ext
 .text.sprite_load_buf
                0x80027280       0xe0 D:/libdragon-toolchain/bin/../lib/gcc/mips64-elf/14.2.0/../../../../mips64-elf/lib\libdragon.a(sprite.o)
                0x80027280                sprite_load_buf
 .text.sprite_load
                0x80027360       0xe0 D:/libdragon-toolchain/bin/../lib/gcc/mips64-elf/14.2.0/../../../../mips64-elf/lib\libdragon.a(sprite.o)
                0x80027360                sprite_load
 .text.sprite_free
                0x80027440       0x60 D:/libdragon-toolchain/bin/../lib/gcc/mips64-elf/14.2.0/../../../../mips64-elf/lib\libdragon.a(sprite.o)
                0x80027440                sprite_free
 .text.sprite_get_pixels
                0x800274a0       0x60 D:/libdragon-toolchain/bin/../lib/gcc/mips64-elf/14.2.0/../../../../mips64-elf/lib\libdragon.a(sprite.o)
                0x800274a0                sprite_get_pixels
 .text.sprite_get_lod_pixels
                0x80027500      0x160 D:/libdragon-toolchain/bin/../lib/gcc/mips64-elf/14.2.0/../../../../mips64-elf/lib\libdragon.a(sprite.o)
                0x80027500                sprite_get_lod_pixels
 .text.sprite_get_detail_texparms
                0x80027660       0xa0 D:/libdragon-toolchain/bin/../lib/gcc/mips64-elf/14.2.0/../../../../mips64-elf/lib\libdragon.a(sprite.o)
                0x80027660                sprite_get_detail_texparms
 .text.sprite_get_detail_pixels
                0x80027700      0x160 D:/libdragon-toolchain/bin/../lib/gcc/mips64-elf/14.2.0/../../../../mips64-elf/lib\libdragon.a(sprite.o)
                0x80027700                sprite_get_detail_pixels
 .text.sprite_get_palette
                0x80027860       0x60 D:/libdragon-toolchain/bin/../lib/gcc/mips64-elf/14.2.0/../../../../mips64-elf/lib\libdragon.a(sprite.o)
                0x80027860                sprite_get_palette
 .text.sprite_get_texparms
                0x800278c0       0xc0 D:/libdragon-toolchain/bin/../lib/gcc/mips64-elf/14.2.0/../../../../mips64-elf/lib\libdragon.a(sprite.o)
                0x800278c0                sprite_get_texparms
 .text.sprite_fits_tmem
                0x80027980       0x40 D:/libdragon-toolchain/bin/../lib/gcc/mips64-elf/14.2.0/../../../../mips64-elf/lib\libdragon.a(sprite.o)
                0x80027980                sprite_fits_tmem
 .text.sprite_is_shq
                0x800279c0       0x40 D:/libdragon-toolchain/bin/../lib/gcc/mips64-elf/14.2.0/../../../../mips64-elf/lib\libdragon.a(sprite.o)
                0x800279c0                sprite_is_shq
 .text.dma_write_raw_async.part.0
                0x80027a00       0x40 D:/libdragon-toolchain/bin/../lib/gcc/mips64-elf/14.2.0/../../../../mips64-elf/lib\libdragon.a(dma.o)
 .text.dma_read_raw_async
                0x80027a40       0xa0 D:/libdragon-toolchain/bin/../lib/gcc/mips64-elf/14.2.0/../../../../mips64-elf/lib\libdragon.a(dma.o)
                0x80027a40                dma_read_raw_async
 .text.dma_read_async
                0x80027ae0      0x4e0 D:/libdragon-toolchain/bin/../lib/gcc/mips64-elf/14.2.0/../../../../mips64-elf/lib\libdragon.a(dma.o)
                0x80027ae0                dma_read_async
 .text.dma_read
                0x80027fc0       0x40 D:/libdragon-toolchain/bin/../lib/gcc/mips64-elf/14.2.0/../../../../mips64-elf/lib\libdragon.a(dma.o)
                0x80027fc0                dma_read
 .text.dma_write
                0x80028000       0xa0 D:/libdragon-toolchain/bin/../lib/gcc/mips64-elf/14.2.0/../../../../mips64-elf/lib\libdragon.a(dma.o)
                0x80028000                dma_write
 .text.io_read  0x800280a0       0x60 D:/libdragon-toolchain/bin/../lib/gcc/mips64-elf/14.2.0/../../../../mips64-elf/lib\libdragon.a(dma.o)
                0x800280a0                io_read
 .text.io_write
                0x80028100       0x60 D:/libdragon-toolchain/bin/../lib/gcc/mips64-elf/14.2.0/../../../../mips64-elf/lib\libdragon.a(dma.o)
                0x80028100                io_write
 .text.timer_update_compare
                0x80028160       0x40 D:/libdragon-toolchain/bin/../lib/gcc/mips64-elf/14.2.0/../../../../mips64-elf/lib\libdragon.a(timer.o)
 .text.timer_poll
                0x800281a0      0x1a0 D:/libdragon-toolchain/bin/../lib/gcc/mips64-elf/14.2.0/../../../../mips64-elf/lib\libdragon.a(timer.o)
 .text.timer_init
                0x80028340       0x60 D:/libdragon-toolchain/bin/../lib/gcc/mips64-elf/14.2.0/../../../../mips64-elf/lib\libdragon.a(timer.o)
                0x80028340                timer_init
 .text.new_timer_context
                0x800283a0      0x100 D:/libdragon-toolchain/bin/../lib/gcc/mips64-elf/14.2.0/../../../../mips64-elf/lib\libdragon.a(timer.o)
                0x800283a0                new_timer_context
 .text.restart_timer
                0x800284a0       0x80 D:/libdragon-toolchain/bin/../lib/gcc/mips64-elf/14.2.0/../../../../mips64-elf/lib\libdragon.a(timer.o)
                0x800284a0                restart_timer
 .text.stop_timer
                0x80028520       0xe0 D:/libdragon-toolchain/bin/../lib/gcc/mips64-elf/14.2.0/../../../../mips64-elf/lib\libdragon.a(timer.o)
                0x80028520                stop_timer
 .text.cb.0     0x80028600       0x40 D:/libdragon-toolchain/bin/../lib/gcc/mips64-elf/14.2.0/../../../../mips64-elf/lib\libdragon.a(exception.o)
 .text.cb.1     0x80028640       0x80 D:/libdragon-toolchain/bin/../lib/gcc/mips64-elf/14.2.0/../../../../mips64-elf/lib\libdragon.a(exception.o)
 .text.is_unmapped_kx64
                0x800286c0      0x1e0 D:/libdragon-toolchain/bin/../lib/gcc/mips64-elf/14.2.0/../../../../mips64-elf/lib\libdragon.a(exception.o)
 .text.__get_exception_name.isra.0
                0x800288a0      0x580 D:/libdragon-toolchain/bin/../lib/gcc/mips64-elf/14.2.0/../../../../mips64-elf/lib\libdragon.a(exception.o)
 .text.__exception_dump_header
                0x80028e20      0x340 D:/libdragon-toolchain/bin/../lib/gcc/mips64-elf/14.2.0/../../../../mips64-elf/lib\libdragon.a(exception.o)
                0x80028e20                __exception_dump_header
 .text.__exception_dump_gpr
                0x80029160      0x180 D:/libdragon-toolchain/bin/../lib/gcc/mips64-elf/14.2.0/../../../../mips64-elf/lib\libdragon.a(exception.o)
                0x80029160                __exception_dump_gpr
 .text.__exception_dump_fpr
                0x800292e0      0x2e0 D:/libdragon-toolchain/bin/../lib/gcc/mips64-elf/14.2.0/../../../../mips64-elf/lib\libdragon.a(exception.o)
                0x800292e0                __exception_dump_fpr
 .text.exception_default_handler
                0x800295c0      0x1a0 D:/libdragon-toolchain/bin/../lib/gcc/mips64-elf/14.2.0/../../../../mips64-elf/lib\libdragon.a(exception.o)
                0x800295c0                exception_default_handler
 .text.__onCriticalException
                0x80029760       0x80 D:/libdragon-toolchain/bin/../lib/gcc/mips64-elf/14.2.0/../../../../mips64-elf/lib\libdragon.a(exception.o)
                0x80029760                __onCriticalException
 .text.register_syscall_handler
                0x800297e0      0x1a0 D:/libdragon-toolchain/bin/../lib/gcc/mips64-elf/14.2.0/../../../../mips64-elf/lib\libdragon.a(exception.o)
                0x800297e0                register_syscall_handler
 .text.__onSyscallException
                0x80029980      0x1a0 D:/libdragon-toolchain/bin/../lib/gcc/mips64-elf/14.2.0/../../../../mips64-elf/lib\libdragon.a(exception.o)
                0x80029980                __onSyscallException
 .text.__register_frame_info
                0x80029b20       0x20 D:/libdragon-toolchain/bin/../lib/gcc/mips64-elf/14.2.0/../../../../mips64-elf/lib\libdragon.a(do_ctors.o)
                0x80029b20                __register_frame_info
 .text.__wrap___do_global_ctors
                0x80029b40       0xe0 D:/libdragon-toolchain/bin/../lib/gcc/mips64-elf/14.2.0/../../../../mips64-elf/lib\libdragon.a(do_ctors.o)
                0x80029b40                __wrap___do_global_ctors
 .text.rspq_switch_context
                0x80029c20       0x60 D:/libdragon-toolchain/bin/../lib/gcc/mips64-elf/14.2.0/../../../../mips64-elf/lib\libdragon.a(rspq.o)
 .text.rspq_flush_internal
                0x80029c80       0x40 D:/libdragon-toolchain/bin/../lib/gcc/mips64-elf/14.2.0/../../../../mips64-elf/lib\libdragon.a(rspq.o)
 .text.rspq_sp_interrupt
                0x80029cc0       0xa0 D:/libdragon-toolchain/bin/../lib/gcc/mips64-elf/14.2.0/../../../../mips64-elf/lib\libdragon.a(rspq.o)
 .text.rspq_init_context
                0x80029d60       0xa0 D:/libdragon-toolchain/bin/../lib/gcc/mips64-elf/14.2.0/../../../../mips64-elf/lib\libdragon.a(rspq.o)
 .text.rspq_switch_buffer.part.0
                0x80029e00       0x40 D:/libdragon-toolchain/bin/../lib/gcc/mips64-elf/14.2.0/../../../../mips64-elf/lib\libdragon.a(rspq.o)
 .text.rspq_crash_handler
                0x80029e40      0x320 D:/libdragon-toolchain/bin/../lib/gcc/mips64-elf/14.2.0/../../../../mips64-elf/lib\libdragon.a(rspq.o)
 .text.rspq_assert_handler
                0x8002a160      0x100 D:/libdragon-toolchain/bin/../lib/gcc/mips64-elf/14.2.0/../../../../mips64-elf/lib\libdragon.a(rspq.o)
 .text.rspq_init
                0x8002a260      0x3c0 D:/libdragon-toolchain/bin/../lib/gcc/mips64-elf/14.2.0/../../../../mips64-elf/lib\libdragon.a(rspq.o)
                0x8002a260                rspq_init
 .text.rspq_flush
                0x8002a620       0x40 D:/libdragon-toolchain/bin/../lib/gcc/mips64-elf/14.2.0/../../../../mips64-elf/lib\libdragon.a(rspq.o)
                0x8002a620                rspq_flush
 .text.rspq_highpri_begin
                0x8002a660      0x120 D:/libdragon-toolchain/bin/../lib/gcc/mips64-elf/14.2.0/../../../../mips64-elf/lib\libdragon.a(rspq.o)
                0x8002a660                rspq_highpri_begin
 .text.rspq_highpri_end
                0x8002a780       0xa0 D:/libdragon-toolchain/bin/../lib/gcc/mips64-elf/14.2.0/../../../../mips64-elf/lib\libdragon.a(rspq.o)
                0x8002a780                rspq_highpri_end
 .text.rspq_block_begin
                0x8002a820      0x100 D:/libdragon-toolchain/bin/../lib/gcc/mips64-elf/14.2.0/../../../../mips64-elf/lib\libdragon.a(rspq.o)
                0x8002a820                rspq_block_begin
 .text.rspq_block_end
                0x8002a920       0xa0 D:/libdragon-toolchain/bin/../lib/gcc/mips64-elf/14.2.0/../../../../mips64-elf/lib\libdragon.a(rspq.o)
                0x8002a920                rspq_block_end
 .text.rspq_block_free
                0x8002a9c0       0xe0 D:/libdragon-toolchain/bin/../lib/gcc/mips64-elf/14.2.0/../../../../mips64-elf/lib\libdragon.a(rspq.o)
                0x8002a9c0                rspq_block_free
 .text.__rspq_deferred_poll
                0x8002aaa0       0xe0 D:/libdragon-toolchain/bin/../lib/gcc/mips64-elf/14.2.0/../../../../mips64-elf/lib\libdragon.a(rspq.o)
                0x8002aaa0                __rspq_deferred_poll
 .text.rspq_next_buffer
                0x8002ab80      0x2e0 D:/libdragon-toolchain/bin/../lib/gcc/mips64-elf/14.2.0/../../../../mips64-elf/lib\libdragon.a(rspq.o)
                0x8002ab80                rspq_next_buffer
 .text.rspq_block_run
                0x8002ae60      0x100 D:/libdragon-toolchain/bin/../lib/gcc/mips64-elf/14.2.0/../../../../mips64-elf/lib\libdragon.a(rspq.o)
                0x8002ae60                rspq_block_run
 .text.rspq_syncpoint_new
                0x8002af60       0xe0 D:/libdragon-toolchain/bin/../lib/gcc/mips64-elf/14.2.0/../../../../mips64-elf/lib\libdragon.a(rspq.o)
                0x8002af60                rspq_syncpoint_new
 .text.rspq_overlay_register_internal
                0x8002b040      0x540 D:/libdragon-toolchain/bin/../lib/gcc/mips64-elf/14.2.0/../../../../mips64-elf/lib\libdragon.a(rspq.o)
 .text.rspq_overlay_register
                0x8002b580       0x20 D:/libdragon-toolchain/bin/../lib/gcc/mips64-elf/14.2.0/../../../../mips64-elf/lib\libdragon.a(rspq.o)
                0x8002b580                rspq_overlay_register
 .text.rspq_overlay_register_static
                0x8002b5a0       0x60 D:/libdragon-toolchain/bin/../lib/gcc/mips64-elf/14.2.0/../../../../mips64-elf/lib\libdragon.a(rspq.o)
                0x8002b5a0                rspq_overlay_register_static
 .text.rspq_highpri_sync
                0x8002b600      0x160 D:/libdragon-toolchain/bin/../lib/gcc/mips64-elf/14.2.0/../../../../mips64-elf/lib\libdragon.a(rspq.o)
                0x8002b600                rspq_highpri_sync
 .text.rspq_syncpoint_wait
                0x8002b760      0x160 D:/libdragon-toolchain/bin/../lib/gcc/mips64-elf/14.2.0/../../../../mips64-elf/lib\libdragon.a(rspq.o)
                0x8002b760                rspq_syncpoint_wait
 .text.rspq_wait
                0x8002b8c0      0x240 D:/libdragon-toolchain/bin/../lib/gcc/mips64-elf/14.2.0/../../../../mips64-elf/lib\libdragon.a(rspq.o)
                0x8002b8c0                rspq_wait
 .text.rspq_overlay_get_state
                0x8002bb00      0x160 D:/libdragon-toolchain/bin/../lib/gcc/mips64-elf/14.2.0/../../../../mips64-elf/lib\libdragon.a(rspq.o)
                0x8002bb00                rspq_overlay_get_state
 .text.__rdpq_interrupt
                0x8002bc60       0xc0 D:/libdragon-toolchain/bin/../lib/gcc/mips64-elf/14.2.0/../../../../mips64-elf/lib\libdragon.a(rdpq.o)
 .text.rdpq_assert_handler
                0x8002bd20       0xc0 D:/libdragon-toolchain/bin/../lib/gcc/mips64-elf/14.2.0/../../../../mips64-elf/lib\libdragon.a(rdpq.o)
 .text.rdpq_set_tile
                0x8002bde0      0x260 D:/libdragon-toolchain/bin/../lib/gcc/mips64-elf/14.2.0/../../../../mips64-elf/lib\libdragon.a(rdpq.o)
                0x8002bde0                rdpq_set_tile
 .text.rdpq_config_set
                0x8002c040       0x20 D:/libdragon-toolchain/bin/../lib/gcc/mips64-elf/14.2.0/../../../../mips64-elf/lib\libdragon.a(rdpq.o)
                0x8002c040                rdpq_config_set
 .text.rdpq_config_disable
                0x8002c060       0x20 D:/libdragon-toolchain/bin/../lib/gcc/mips64-elf/14.2.0/../../../../mips64-elf/lib\libdragon.a(rdpq.o)
                0x8002c060                rdpq_config_disable
 .text.__rdpq_block_begin
                0x8002c080       0x40 D:/libdragon-toolchain/bin/../lib/gcc/mips64-elf/14.2.0/../../../../mips64-elf/lib\libdragon.a(rdpq.o)
                0x8002c080                __rdpq_block_begin
 .text.__rdpq_block_next_buffer
                0x8002c0c0      0x1e0 D:/libdragon-toolchain/bin/../lib/gcc/mips64-elf/14.2.0/../../../../mips64-elf/lib\libdragon.a(rdpq.o)
                0x8002c0c0                __rdpq_block_next_buffer
 .text.rdpq_fence
                0x8002c2a0      0x140 D:/libdragon-toolchain/bin/../lib/gcc/mips64-elf/14.2.0/../../../../mips64-elf/lib\libdragon.a(rdpq.o)
                0x8002c2a0                rdpq_fence
 .text.__rdpq_block_end
                0x8002c3e0       0x40 D:/libdragon-toolchain/bin/../lib/gcc/mips64-elf/14.2.0/../../../../mips64-elf/lib\libdragon.a(rdpq.o)
                0x8002c3e0                __rdpq_block_end
 .text.__rdpq_block_run
                0x8002c420       0xa0 D:/libdragon-toolchain/bin/../lib/gcc/mips64-elf/14.2.0/../../../../mips64-elf/lib\libdragon.a(rdpq.o)
                0x8002c420                __rdpq_block_run
 .text.__rdpq_block_free
                0x8002c4c0       0x60 D:/libdragon-toolchain/bin/../lib/gcc/mips64-elf/14.2.0/../../../../mips64-elf/lib\libdragon.a(rdpq.o)
                0x8002c4c0                __rdpq_block_free
 .text.__rdpq_block_reserve
                0x8002c520      0x120 D:/libdragon-toolchain/bin/../lib/gcc/mips64-elf/14.2.0/../../../../mips64-elf/lib\libdragon.a(rdpq.o)
                0x8002c520                __rdpq_block_reserve
 .text.__rdpq_block_update
                0x8002c640      0x120 D:/libdragon-toolchain/bin/../lib/gcc/mips64-elf/14.2.0/../../../../mips64-elf/lib\libdragon.a(rdpq.o)
                0x8002c640                __rdpq_block_update
 .text.__rdpq_write8
                0x8002c760       0xe0 D:/libdragon-toolchain/bin/../lib/gcc/mips64-elf/14.2.0/../../../../mips64-elf/lib\libdragon.a(rdpq.o)
                0x8002c760                __rdpq_write8
 .text.__rdpq_autosync_change
                0x8002c840      0x140 D:/libdragon-toolchain/bin/../lib/gcc/mips64-elf/14.2.0/../../../../mips64-elf/lib\libdragon.a(rdpq.o)
                0x8002c840                __rdpq_autosync_change
 .text.__rdpq_write8_syncchange
                0x8002c980       0x60 D:/libdragon-toolchain/bin/../lib/gcc/mips64-elf/14.2.0/../../../../mips64-elf/lib\libdragon.a(rdpq.o)
                0x8002c980                __rdpq_write8_syncchange
 .text.rdpq_set_blend_color
                0x8002c9e0       0x20 D:/libdragon-toolchain/bin/../lib/gcc/mips64-elf/14.2.0/../../../../mips64-elf/lib\libdragon.a(rdpq.o)
                0x8002c9e0                rdpq_set_blend_color
 .text.rdpq_set_env_color
                0x8002ca00       0x20 D:/libdragon-toolchain/bin/../lib/gcc/mips64-elf/14.2.0/../../../../mips64-elf/lib\libdragon.a(rdpq.o)
                0x8002ca00                rdpq_set_env_color
 .text.__rdpq_fixup_write8_syncchange
                0x8002ca20      0x140 D:/libdragon-toolchain/bin/../lib/gcc/mips64-elf/14.2.0/../../../../mips64-elf/lib\libdragon.a(rdpq.o)
                0x8002ca20                __rdpq_fixup_write8_syncchange
 .text.rdpq_set_prim_color
                0x8002cb60       0x20 D:/libdragon-toolchain/bin/../lib/gcc/mips64-elf/14.2.0/../../../../mips64-elf/lib\libdragon.a(rdpq.o)
                0x8002cb60                rdpq_set_prim_color
 .text.__rdpq_write8_syncchangeuse
                0x8002cb80       0x80 D:/libdragon-toolchain/bin/../lib/gcc/mips64-elf/14.2.0/../../../../mips64-elf/lib\libdragon.a(rdpq.o)
                0x8002cb80                __rdpq_write8_syncchangeuse
 .text.__rdpq_set_scissor
                0x8002cc00      0x100 D:/libdragon-toolchain/bin/../lib/gcc/mips64-elf/14.2.0/../../../../mips64-elf/lib\libdragon.a(rdpq.o)
                0x8002cc00                __rdpq_set_scissor
 .text.__rdpq_set_fill_color
                0x8002cd00      0x100 D:/libdragon-toolchain/bin/../lib/gcc/mips64-elf/14.2.0/../../../../mips64-elf/lib\libdragon.a(rdpq.o)
                0x8002cd00                __rdpq_set_fill_color
 .text.__rdpq_set_color_image
                0x8002ce00      0x140 D:/libdragon-toolchain/bin/../lib/gcc/mips64-elf/14.2.0/../../../../mips64-elf/lib\libdragon.a(rdpq.o)
                0x8002ce00                __rdpq_set_color_image
 .text.rdpq_set_color_image
                0x8002cf40      0x200 D:/libdragon-toolchain/bin/../lib/gcc/mips64-elf/14.2.0/../../../../mips64-elf/lib\libdragon.a(rdpq.o)
                0x8002cf40                rdpq_set_color_image
 .text.rdpq_set_z_image
                0x8002d140       0xc0 D:/libdragon-toolchain/bin/../lib/gcc/mips64-elf/14.2.0/../../../../mips64-elf/lib\libdragon.a(rdpq.o)
                0x8002d140                rdpq_set_z_image
 .text.rdpq_set_texture_image